Archive member included to satisfy reference by file (symbol)

/home/arduino/ArduinoApps/denver-air-quality-on-led-matrix/.cache/sketch/core/core.a(abi.cpp.o)
                              /home/arduino/ArduinoApps/denver-air-quality-on-led-matrix/.cache/sketch/sketch/sketch.ino.cpp.o (std::__throw_length_error(char const*))
/home/arduino/ArduinoApps/denver-air-quality-on-led-matrix/.cache/sketch/core/core.a(Stream.cpp.o)
                              /home/arduino/ArduinoApps/denver-air-quality-on-led-matrix/.cache/sketch/sketch/sketch.ino.cpp.o (arduino::Stream::setTimeout(unsigned long))
/home/arduino/ArduinoApps/denver-air-quality-on-led-matrix/.cache/sketch/core/core.a(String.cpp.o)
                              /home/arduino/ArduinoApps/denver-air-quality-on-led-matrix/.cache/sketch/sketch/sketch.ino.cpp.o (arduino::String::String(arduino::String&&))
/home/arduino/ArduinoApps/denver-air-quality-on-led-matrix/.cache/sketch/core/core.a(itoa.cpp.o)
                              /home/arduino/ArduinoApps/denver-air-quality-on-led-matrix/.cache/sketch/core/core.a(String.cpp.o) (dtostrf)
/home/arduino/ArduinoApps/denver-air-quality-on-led-matrix/.cache/sketch/core/core.a(main.cpp.o)
                              (main)
/home/arduino/ArduinoApps/denver-air-quality-on-led-matrix/.cache/sketch/core/core.a(new.cpp.o)
                              /home/arduino/ArduinoApps/denver-air-quality-on-led-matrix/.cache/sketch/sketch/sketch.ino.cpp.o (operator new(unsigned int))
/home/arduino/ArduinoApps/denver-air-quality-on-led-matrix/.cache/sketch/core/core.a(threads.cpp.o)
                              /home/arduino/ArduinoApps/denver-air-quality-on-led-matrix/.cache/sketch/core/core.a(main.cpp.o) (start_static_threads())
/home/arduino/ArduinoApps/denver-air-quality-on-led-matrix/.cache/sketch/core/core.a(zephyrCommon.cpp.o)
                              /home/arduino/ArduinoApps/denver-air-quality-on-led-matrix/.cache/sketch/sketch/sketch.ino.cpp.o (delay)
/home/arduino/ArduinoApps/denver-air-quality-on-led-matrix/.cache/sketch/core/core.a(zephyrSerial.cpp.o)
                              /home/arduino/ArduinoApps/denver-air-quality-on-led-matrix/.cache/sketch/sketch/sketch.ino.cpp.o (Serial1)
/home/arduino/ArduinoApps/denver-air-quality-on-led-matrix/.cache/sketch/core/core.a(Common.cpp.o)
                              /home/arduino/ArduinoApps/denver-air-quality-on-led-matrix/.cache/sketch/core/core.a(zephyrCommon.cpp.o) (map(long, long, long, long, long))

Discarded input sections

 .group         0x0000000000000000        0x8 /home/arduino/ArduinoApps/denver-air-quality-on-led-matrix/.cache/sketch/sketch/sketch.ino.cpp.o
 .group         0x0000000000000000        0x8 /home/arduino/ArduinoApps/denver-air-quality-on-led-matrix/.cache/sketch/sketch/sketch.ino.cpp.o
 .group         0x0000000000000000        0x8 /home/arduino/ArduinoApps/denver-air-quality-on-led-matrix/.cache/sketch/sketch/sketch.ino.cpp.o
 .group         0x0000000000000000        0x8 /home/arduino/ArduinoApps/denver-air-quality-on-led-matrix/.cache/sketch/sketch/sketch.ino.cpp.o
 .group         0x0000000000000000       0x10 /home/arduino/ArduinoApps/denver-air-quality-on-led-matrix/.cache/sketch/sketch/sketch.ino.cpp.o
 .group         0x0000000000000000        0x8 /home/arduino/ArduinoApps/denver-air-quality-on-led-matrix/.cache/sketch/sketch/sketch.ino.cpp.o
 .group         0x0000000000000000       0x24 /home/arduino/ArduinoApps/denver-air-quality-on-led-matrix/.cache/sketch/sketch/sketch.ino.cpp.o
 .group         0x0000000000000000        0xc /home/arduino/ArduinoApps/denver-air-quality-on-led-matrix/.cache/sketch/sketch/sketch.ino.cpp.o
 .group         0x0000000000000000        0xc /home/arduino/ArduinoApps/denver-air-quality-on-led-matrix/.cache/sketch/sketch/sketch.ino.cpp.o
 .group         0x0000000000000000        0xc /home/arduino/ArduinoApps/denver-air-quality-on-led-matrix/.cache/sketch/sketch/sketch.ino.cpp.o
 .group         0x0000000000000000        0xc /home/arduino/ArduinoApps/denver-air-quality-on-led-matrix/.cache/sketch/sketch/sketch.ino.cpp.o
 .group         0x0000000000000000        0xc /home/arduino/ArduinoApps/denver-air-quality-on-led-matrix/.cache/sketch/sketch/sketch.ino.cpp.o
 .group         0x0000000000000000        0x8 /home/arduino/ArduinoApps/denver-air-quality-on-led-matrix/.cache/sketch/sketch/sketch.ino.cpp.o
 .group         0x0000000000000000        0x8 /home/arduino/ArduinoApps/denver-air-quality-on-led-matrix/.cache/sketch/sketch/sketch.ino.cpp.o
 .group         0x0000000000000000        0x8 /home/arduino/ArduinoApps/denver-air-quality-on-led-matrix/.cache/sketch/sketch/sketch.ino.cpp.o
 .group         0x0000000000000000        0xc /home/arduino/ArduinoApps/denver-air-quality-on-led-matrix/.cache/sketch/sketch/sketch.ino.cpp.o
 .group         0x0000000000000000        0x8 /home/arduino/ArduinoApps/denver-air-quality-on-led-matrix/.cache/sketch/sketch/sketch.ino.cpp.o
[...]
Memory Configuration

Name             Origin             Length             Attributes
*default*        0x0000000000000000 0xffffffffffffffff

Linker script and memory map

LOAD /home/arduino/.arduino15/packages/zephyr/tools/arm-zephyr-eabi/0.16.8/bin/../lib/gcc/../../picolibc/arm-zephyr-eabi/lib/thumb/v8-m.main+fp/hard/libstdc++.a
LOAD /home/arduino/.arduino15/packages/zephyr/tools/arm-zephyr-eabi/0.16.8/bin/../lib/gcc/../../picolibc/arm-zephyr-eabi/lib/thumb/v8-m.main+fp/hard/libsupc++.a
LOAD /home/arduino/.arduino15/packages/zephyr/tools/arm-zephyr-eabi/0.16.8/bin/../lib/gcc/arm-zephyr-eabi/12.2.0/../../../../arm-zephyr-eabi/lib/thumb/v8-m.main+fp/hard/libnosys.a
LOAD /home/arduino/ArduinoApps/denver-air-quality-on-led-matrix/.cache/sketch/sketch/sketch.ino.cpp.o
LOAD /home/arduino/ArduinoApps/denver-air-quality-on-led-matrix/.cache/sketch/core/analogReference.cpp.o
START GROUP
LOAD /home/arduino/ArduinoApps/denver-air-quality-on-led-matrix/.cache/sketch/core/core.a
LOAD /home/arduino/.arduino15/packages/zephyr/tools/arm-zephyr-eabi/0.16.8/bin/../lib/gcc/../../picolibc/arm-zephyr-eabi/lib/thumb/v8-m.main+fp/hard/libstdc++.a
LOAD /home/arduino/.arduino15/packages/zephyr/tools/arm-zephyr-eabi/0.16.8/bin/../lib/gcc/../../picolibc/arm-zephyr-eabi/lib/thumb/v8-m.main+fp/hard/libsupc++.a
END GROUP

/DISCARD/
 *(.ARM.attributes)
 *(.ARM.attributes.*)
 *(.ARM.exidx)
 *(.ARM.exidx.*)
 *(.ARM.extidx)
 *(.ARM.extidx.*)
 *(.ARM.extab)
 *(.ARM.extab.*)
 *(.comment)
 *(.comment.*)
 *(.llvmbc)
 *(.llvmcmd)
 *(.eh_frame)
 *stdexcept.o()
 *eh_*.o()
 *cow-stdexcept.o()
 *functexcept.o()
 *cow-string-inst.o()

.text           0x0000000000000000     0x44a8
 *(.text)
 *(.stub)
 *(.text*)
 .text._ZN7arduino5Print17availableForWriteEv
                0x0000000000000000        0x4 /home/arduino/ArduinoApps/denver-air-quality-on-led-matrix/.cache/sketch/sketch/sketch.ino.cpp.o
                0x0000000000000000                arduino::Print::availableForWrite()
 .text._ZN7arduino5Print5flushEv
                0x0000000000000004        0x2 /home/arduino/ArduinoApps/denver-air-quality-on-led-matrix/.cache/sketch/sketch/sketch.ino.cpp.o
                0x0000000000000004                arduino::Print::flush()
 .text._ZN15SerialTransport9availableEv
                0x0000000000000006       0x12 /home/arduino/ArduinoApps/denver-air-quality-on-led-matrix/.cache/sketch/sketch/sketch.ino.cpp.o
                0x0000000000000006                SerialTransport::available()
 .text._ZN15SerialTransport5writeEPKhj
                0x0000000000000018       0x10 /home/arduino/ArduinoApps/denver-air-quality-on-led-matrix/.cache/sketch/sketch/sketch.ino.cpp.o
                0x0000000000000018                SerialTransport::write(unsigned char const*, unsigned int)
 .text._ZN15SerialTransportD2Ev
                0x0000000000000028        0x2 /home/arduino/ArduinoApps/denver-air-quality-on-led-matrix/.cache/sketch/sketch/sketch.ino.cpp.o
                0x0000000000000028                SerialTransport::~SerialTransport()
                0x0000000000000028                SerialTransport::~SerialTransport()
 .text._ZN13BridgeMonitorILj512EE5writeEh
                0x000000000000002a       0x18 /home/arduino/ArduinoApps/denver-air-quality-on-led-matrix/.cache/sketch/sketch/sketch.ino.cpp.o
                0x000000000000002a                BridgeMonitor<512u>::write(unsigned char)
 *fill*         0x0000000000000042        0x2 
 .text.k_yield  0x0000000000000044        0x8 /home/arduino/ArduinoApps/denver-air-quality-on-led-matrix/.cache/sketch/sketch/sketch.ino.cpp.o
 .text.__tcf_1  0x000000000000004c       0x10 /home/arduino/ArduinoApps/denver-air-quality-on-led-matrix/.cache/sketch/sketch/sketch.ino.cpp.o
 .text._ZN15SerialTransportD0Ev
                0x000000000000005c       0x14 /home/arduino/ArduinoApps/denver-air-quality-on-led-matrix/.cache/sketch/sketch/sketch.ino.cpp.o
                0x000000000000005c                SerialTransport::~SerialTransport()
 .text._ZN15SerialTransport4readEPhj
                0x0000000000000070       0x28 /home/arduino/ArduinoApps/denver-air-quality-on-led-matrix/.cache/sketch/sketch/sketch.ino.cpp.o
                0x0000000000000070                SerialTransport::read(unsigned char*, unsigned int)
 .text._ZN15SerialTransport9read_byteERh
                0x0000000000000098       0x20 /home/arduino/ArduinoApps/denver-air-quality-on-led-matrix/.cache/sketch/sketch/sketch.ino.cpp.o
                0x0000000000000098                SerialTransport::read_byte(unsigned char&)
 .text.k_mutex_lock
                0x00000000000000b8        0x8 /home/arduino/ArduinoApps/denver-air-quality-on-led-matrix/.cache/sketch/sketch/sketch.ino.cpp.o
 .text._ZSt14__relocate_a_1IhhENSt9enable_ifIXsrSt24__is_bitwise_relocatableIT_vE5valueEPS2_E4typeES4_S4_S4_RSaIT0_E.isra.0
                0x00000000000000c0       0x20 /home/arduino/ArduinoApps/denver-air-quality-on-led-matrix/.cache/sketch/sketch/sketch.ino.cpp.o
 .text._ZNSt12_Vector_baseIhSaIhEE11_M_allocateEj.isra.0
                0x00000000000000e0       0x20 /home/arduino/ArduinoApps/denver-air-quality-on-led-matrix/.cache/sketch/sketch/sketch.ino.cpp.o
 .text.k_mutex_unlock.isra.0
                0x0000000000000100        0x8 /home/arduino/ArduinoApps/denver-air-quality-on-led-matrix/.cache/sketch/sketch/sketch.ino.cpp.o
 .text._ZN13BridgeMonitorILj512EE4readEv
                0x0000000000000108       0x64 /home/arduino/ArduinoApps/denver-air-quality-on-led-matrix/.cache/sketch/sketch/sketch.ino.cpp.o
                0x0000000000000108                BridgeMonitor<512u>::read()
 .text._ZN13BridgeMonitorILj512EE4peekEv
                0x000000000000016c       0x44 /home/arduino/ArduinoApps/denver-air-quality-on-led-matrix/.cache/sketch/sketch/sketch.ino.cpp.o
                0x000000000000016c                BridgeMonitor<512u>::peek()
 .text.k_msleep.constprop.0.isra.0
                0x00000000000001b0        0xc /home/arduino/ArduinoApps/denver-air-quality-on-led-matrix/.cache/sketch/sketch/sketch.ino.cpp.o
 .text._ZN18Arduino_LED_Matrix9loadFrameEPKj
                0x00000000000001bc       0x5c /home/arduino/ArduinoApps/denver-air-quality-on-led-matrix/.cache/sketch/sketch/sketch.ino.cpp.o
                0x00000000000001bc                Arduino_LED_Matrix::loadFrame(unsigned int const*)
 .text._ZN7arduino7msgpack8Unpacker11deserializeEv
                0x0000000000000218       0x16 /home/arduino/ArduinoApps/denver-air-quality-on-led-matrix/.cache/sketch/sketch/sketch.ino.cpp.o
                0x0000000000000218                arduino::msgpack::Unpacker::deserialize()
 .text._ZN7arduino7msgpack8Unpacker5clearEv
                0x000000000000022e       0x14 /home/arduino/ArduinoApps/denver-air-quality-on-led-matrix/.cache/sketch/sketch/sketch.ino.cpp.o
                0x000000000000022e                arduino::msgpack::Unpacker::clear()
 .text._ZNK7arduino7msgpack8Unpacker13getRawBytePtrEjj
                0x0000000000000242       0x1e /home/arduino/ArduinoApps/denver-air-quality-on-led-matrix/.cache/sketch/sketch/sketch.ino.cpp.o
                0x0000000000000242                arduino::msgpack::Unpacker::getRawBytePtr(unsigned int, unsigned int) const
 .text._ZN8RpcErrorC2Ev
                0x0000000000000260       0x2c /home/arduino/ArduinoApps/denver-air-quality-on-led-matrix/.cache/sketch/sketch/sketch.ino.cpp.o
                0x0000000000000260                RpcError::RpcError()
                0x0000000000000260                RpcError::RpcError()
 .text._ZN7arduino7msgpack8UnpackerC2Ev
                0x000000000000028c       0x10 /home/arduino/ArduinoApps/denver-air-quality-on-led-matrix/.cache/sketch/sketch/sketch.ino.cpp.o
                0x000000000000028c                arduino::msgpack::Unpacker::Unpacker()
                0x000000000000028c                arduino::msgpack::Unpacker::Unpacker()
 .text._ZN10RPCRequestILj256EEC2Ev
                0x000000000000029c       0x4c /home/arduino/ArduinoApps/denver-air-quality-on-led-matrix/.cache/sketch/sketch/sketch.ino.cpp.o
                0x000000000000029c                RPCRequest<256u>::RPCRequest()
                0x000000000000029c                RPCRequest<256u>::RPCRequest()
 .text._ZNSt12_Vector_baseIhSaIhEED2Ev
                0x00000000000002e8       0x18 /home/arduino/ArduinoApps/denver-air-quality-on-led-matrix/.cache/sketch/sketch/sketch.ino.cpp.o
                0x00000000000002e8                std::_Vector_base<unsigned char, std::allocator<unsigned char> >::~_Vector_base()
                0x00000000000002e8                std::_Vector_base<unsigned char, std::allocator<unsigned char> >::~_Vector_base()
 .text.__tcf_3  0x0000000000000300       0x14 /home/arduino/ArduinoApps/denver-air-quality-on-led-matrix/.cache/sketch/sketch/sketch.ino.cpp.o
 .text.__tcf_2  0x0000000000000314       0x14 /home/arduino/ArduinoApps/denver-air-quality-on-led-matrix/.cache/sketch/sketch/sketch.ino.cpp.o
 .text._ZNSt6vectorIhSaIhEE14_M_move_assignEOS1_St17integral_constantIbLb1EE.isra.0
                0x0000000000000328       0x34 /home/arduino/ArduinoApps/denver-air-quality-on-led-matrix/.cache/sketch/sketch/sketch.ino.cpp.o
 .text._ZNK7arduino7msgpack8Unpacker11getRawBytesIhEET_jj
                0x000000000000035c       0x1e /home/arduino/ArduinoApps/denver-air-quality-on-led-matrix/.cache/sketch/sketch/sketch.ino.cpp.o
                0x000000000000035c                unsigned char arduino::msgpack::Unpacker::getRawBytes<unsigned char>(unsigned int, unsigned int) const
 *fill*         0x000000000000037a        0x2 
 .text._ZNK7arduino7msgpack8Unpacker7getTypeEj
                0x000000000000037c       0x58 /home/arduino/ArduinoApps/denver-air-quality-on-led-matrix/.cache/sketch/sketch/sketch.ino.cpp.o
                0x000000000000037c                arduino::msgpack::Unpacker::getType(unsigned int) const
 .text._ZNK7arduino7msgpack8Unpacker7getTypeEv
                0x00000000000003d4       0x10 /home/arduino/ArduinoApps/denver-air-quality-on-led-matrix/.cache/sketch/sketch/sketch.ino.cpp.o
                0x00000000000003d4                arduino::msgpack::Unpacker::getType() const
 .text._ZN7arduino7msgpack8Unpacker11unpackInt32Ev
                0x00000000000003e4       0x58 /home/arduino/ArduinoApps/denver-air-quality-on-led-matrix/.cache/sketch/sketch/sketch.ino.cpp.o
                0x00000000000003e4                arduino::msgpack::Unpacker::unpackInt32()
 .text._ZN7arduino7msgpack8Unpacker11unpackInt64Ev
                0x000000000000043c       0x60 /home/arduino/ArduinoApps/denver-air-quality-on-led-matrix/.cache/sketch/sketch/sketch.ino.cpp.o
                0x000000000000043c                arduino::msgpack::Unpacker::unpackInt64()
 .text._ZNK7arduino7msgpack8Unpacker5isNilEv
                0x000000000000049c       0x14 /home/arduino/ArduinoApps/denver-air-quality-on-led-matrix/.cache/sketch/sketch/sketch.ino.cpp.o
                0x000000000000049c                arduino::msgpack::Unpacker::isNil() const
 .text._ZN7arduino7msgpack8Unpacker9unpackNilEv
                0x00000000000004b0       0x34 /home/arduino/ArduinoApps/denver-air-quality-on-led-matrix/.cache/sketch/sketch/sketch.ino.cpp.o
                0x00000000000004b0                arduino::msgpack::Unpacker::unpackNil()
 .text._ZNK7arduino7msgpack8Unpacker7isArrayEv
                0x00000000000004e4       0x20 /home/arduino/ArduinoApps/denver-air-quality-on-led-matrix/.cache/sketch/sketch/sketch.ino.cpp.o
                0x00000000000004e4                arduino::msgpack::Unpacker::isArray() const
 .text._ZNK7arduino7msgpack8Unpacker5isMapEv
                0x0000000000000504       0x20 /home/arduino/ArduinoApps/denver-air-quality-on-led-matrix/.cache/sketch/sketch/sketch.ino.cpp.o
                0x0000000000000504                arduino::msgpack::Unpacker::isMap() const
 .text._ZNK7arduino7msgpack8Unpacker5isIntEv
                0x0000000000000524       0x20 /home/arduino/ArduinoApps/denver-air-quality-on-led-matrix/.cache/sketch/sketch/sketch.ino.cpp.o
                0x0000000000000524                arduino::msgpack::Unpacker::isInt() const
 .text._ZNK7arduino7msgpack8Unpacker6isUIntEv
                0x0000000000000544       0x20 /home/arduino/ArduinoApps/denver-air-quality-on-led-matrix/.cache/sketch/sketch/sketch.ino.cpp.o
                0x0000000000000544                arduino::msgpack::Unpacker::isUInt() const
 .text._ZN7arduino7msgpack8Unpacker13unpackFloat32Ev
                0x0000000000000564       0x60 /home/arduino/ArduinoApps/denver-air-quality-on-led-matrix/.cache/sketch/sketch/sketch.ino.cpp.o
                0x0000000000000564                arduino::msgpack::Unpacker::unpackFloat32()
 .text._ZN7arduino7msgpack8Unpacker11unpackInt16Ev
                0x00000000000005c4       0x4c /home/arduino/ArduinoApps/denver-air-quality-on-led-matrix/.cache/sketch/sketch/sketch.ino.cpp.o
                0x00000000000005c4                arduino::msgpack::Unpacker::unpackInt16()
 .text._ZN7arduino7msgpack8Unpacker13unpackFloat64Ev
                0x0000000000000610       0x6c /home/arduino/ArduinoApps/denver-air-quality-on-led-matrix/.cache/sketch/sketch/sketch.ino.cpp.o
                0x0000000000000610                arduino::msgpack::Unpacker::unpackFloat64()
 .text._ZN7arduino7msgpack8Unpacker10unpackInt5Ev
                0x000000000000067c       0x4c /home/arduino/ArduinoApps/denver-air-quality-on-led-matrix/.cache/sketch/sketch/sketch.ino.cpp.o
                0x000000000000067c                arduino::msgpack::Unpacker::unpackInt5()
 .text._ZN7arduino7msgpack8Unpacker11unpackUInt7Ev
                0x00000000000006c8       0x48 /home/arduino/ArduinoApps/denver-air-quality-on-led-matrix/.cache/sketch/sketch/sketch.ino.cpp.o
                0x00000000000006c8                arduino::msgpack::Unpacker::unpackUInt7()
 .text._ZN7arduino7msgpack8Unpacker11unpackUInt8Ev
                0x0000000000000710       0x48 /home/arduino/ArduinoApps/denver-air-quality-on-led-matrix/.cache/sketch/sketch/sketch.ino.cpp.o
                0x0000000000000710                arduino::msgpack::Unpacker::unpackUInt8()
 .text._ZNK7arduino7msgpack8Unpacker11getRawBytesItEET_jj
                0x0000000000000758       0x26 /home/arduino/ArduinoApps/denver-air-quality-on-led-matrix/.cache/sketch/sketch/sketch.ino.cpp.o
                0x0000000000000758                unsigned short arduino::msgpack::Unpacker::getRawBytes<unsigned short>(unsigned int, unsigned int) const
 *fill*         0x000000000000077e        0x2 
 .text._ZN7arduino7msgpack8Unpacker12unpackUInt16Ev
                0x0000000000000780       0x48 /home/arduino/ArduinoApps/denver-air-quality-on-led-matrix/.cache/sketch/sketch/sketch.ino.cpp.o
                0x0000000000000780                arduino::msgpack::Unpacker::unpackUInt16()
 .text._ZNK7arduino7msgpack8Unpacker11getRawBytesIjEET_jj
                0x00000000000007c8       0x34 /home/arduino/ArduinoApps/denver-air-quality-on-led-matrix/.cache/sketch/sketch/sketch.ino.cpp.o
                0x00000000000007c8                unsigned int arduino::msgpack::Unpacker::getRawBytes<unsigned int>(unsigned int, unsigned int) const
 .text._ZNK7arduino7msgpack8Unpacker14getElementSizeEj
                0x00000000000007fc      0x11c /home/arduino/ArduinoApps/denver-air-quality-on-led-matrix/.cache/sketch/sketch/sketch.ino.cpp.o
                0x00000000000007fc                arduino::msgpack::Unpacker::getElementSize(unsigned int) const
 .text._ZN7arduino7msgpack8Unpacker15unpackArraySizeEv
                0x0000000000000918       0x78 /home/arduino/ArduinoApps/denver-air-quality-on-led-matrix/.cache/sketch/sketch/sketch.ino.cpp.o
                0x0000000000000918                arduino::msgpack::Unpacker::unpackArraySize()
 .text._ZN7arduino7msgpack8Unpacker11deserializeINS0_4type9ArraySizeEJEEEbRT_DpOT0_.isra.0
                0x0000000000000990       0x40 /home/arduino/ArduinoApps/denver-air-quality-on-led-matrix/.cache/sketch/sketch/sketch.ino.cpp.o
 .text._ZN7arduino7msgpack8Unpacker12unpackUInt32Ev
                0x00000000000009d0       0x48 /home/arduino/ArduinoApps/denver-air-quality-on-led-matrix/.cache/sketch/sketch/sketch.ino.cpp.o
                0x00000000000009d0                arduino::msgpack::Unpacker::unpackUInt32()
 .text._ZN7arduino7msgpack8Unpacker13unpackMapSizeEv
                0x0000000000000a18       0x78 /home/arduino/ArduinoApps/denver-air-quality-on-led-matrix/.cache/sketch/sketch/sketch.ino.cpp.o
                0x0000000000000a18                arduino::msgpack::Unpacker::unpackMapSize()
 .text._ZNK7arduino7msgpack8Unpacker11getRawBytesIyEET_jj
                0x0000000000000a90       0x3a /home/arduino/ArduinoApps/denver-air-quality-on-led-matrix/.cache/sketch/sketch/sketch.ino.cpp.o
                0x0000000000000a90                unsigned long long arduino::msgpack::Unpacker::getRawBytes<unsigned long long>(unsigned int, unsigned int) const
 *fill*         0x0000000000000aca        0x2 
 .text._ZN7arduino7msgpack8Unpacker12unpackUInt64Ev
                0x0000000000000acc       0x4c /home/arduino/ArduinoApps/denver-air-quality-on-led-matrix/.cache/sketch/sketch/sketch.ino.cpp.o
                0x0000000000000acc                arduino::msgpack::Unpacker::unpackUInt64()
 .text._ZNK7arduino7msgpack8Unpacker11getRawBytesIaEET_jj
                0x0000000000000b18       0x1e /home/arduino/ArduinoApps/denver-air-quality-on-led-matrix/.cache/sketch/sketch/sketch.ino.cpp.o
                0x0000000000000b18                signed char arduino::msgpack::Unpacker::getRawBytes<signed char>(unsigned int, unsigned int) const
 *fill*         0x0000000000000b36        0x2 
 .text._ZN7arduino7msgpack8Unpacker10unpackInt8Ev
                0x0000000000000b38       0x48 /home/arduino/ArduinoApps/denver-air-quality-on-led-matrix/.cache/sketch/sketch/sketch.ino.cpp.o
                0x0000000000000b38                arduino::msgpack::Unpacker::unpackInt8()
 .text._ZNK7arduino7msgpack8Unpacker13isTimestamp32Ev
                0x0000000000000b80       0x2c /home/arduino/ArduinoApps/denver-air-quality-on-led-matrix/.cache/sketch/sketch/sketch.ino.cpp.o
                0x0000000000000b80                arduino::msgpack::Unpacker::isTimestamp32() const
 .text._ZNK7arduino7msgpack8Unpacker13isTimestamp64Ev
                0x0000000000000bac       0x2c /home/arduino/ArduinoApps/denver-air-quality-on-led-matrix/.cache/sketch/sketch/sketch.ino.cpp.o
                0x0000000000000bac                arduino::msgpack::Unpacker::isTimestamp64() const
 .text._ZNK7arduino7msgpack8Unpacker13isTimestamp96Ev
                0x0000000000000bd8       0x40 /home/arduino/ArduinoApps/denver-air-quality-on-led-matrix/.cache/sketch/sketch/sketch.ino.cpp.o
                0x0000000000000bd8                arduino::msgpack::Unpacker::isTimestamp96() const
 .text._ZNK7arduino7msgpack8Unpacker11getRawBytesIcEET_jj
                0x0000000000000c18       0x1e /home/arduino/ArduinoApps/denver-air-quality-on-led-matrix/.cache/sketch/sketch/sketch.ino.cpp.o
                0x0000000000000c18                char arduino::msgpack::Unpacker::getRawBytes<char>(unsigned int, unsigned int) const
 *fill*         0x0000000000000c36        0x2 
 .text._ZN7arduino7msgpack8Unpacker11deserializeINS0_6object5nil_tEJEEEbRT_DpOT0_
                0x0000000000000c38       0x40 /home/arduino/ArduinoApps/denver-air-quality-on-led-matrix/.cache/sketch/sketch/sketch.ino.cpp.o
                0x0000000000000c38                bool arduino::msgpack::Unpacker::deserialize<arduino::msgpack::object::nil_t>(arduino::msgpack::object::nil_t&)
 .text._ZN7arduino7msgpack8Unpacker11deserializeIbJEEEbRT_DpOT0_
                0x0000000000000c78       0x68 /home/arduino/ArduinoApps/denver-air-quality-on-led-matrix/.cache/sketch/sketch/sketch.ino.cpp.o
                0x0000000000000c78                bool arduino::msgpack::Unpacker::deserialize<bool>(bool&)
 .text._ZN7arduino7msgpack8Unpacker11deserializeINS_6StringEJEEEbRT_DpOT0_
                0x0000000000000ce0      0x174 /home/arduino/ArduinoApps/denver-air-quality-on-led-matrix/.cache/sketch/sketch/sketch.ino.cpp.o
                0x0000000000000ce0                bool arduino::msgpack::Unpacker::deserialize<arduino::String>(arduino::String&)
 .text._ZN7arduino7msgpack8Unpacker11deserializeINS0_6object8timespecEJEEEbRT_DpOT0_
                0x0000000000000e54       0xc4 /home/arduino/ArduinoApps/denver-air-quality-on-led-matrix/.cache/sketch/sketch/sketch.ino.cpp.o
                0x0000000000000e54                bool arduino::msgpack::Unpacker::deserialize<arduino::msgpack::object::timespec>(arduino::msgpack::object::timespec&)
 .text._ZN17RpcDecoderManagerILj3EE10getDecoderER10ITransport
                0x0000000000000f18       0x74 /home/arduino/ArduinoApps/denver-air-quality-on-led-matrix/.cache/sketch/sketch/sketch.ino.cpp.o
                0x0000000000000f18                RpcDecoderManager<3u>::getDecoder(ITransport&)
 .text._ZNSt12_Vector_baseIjSaIjEED2Ev
                0x0000000000000f8c       0x18 /home/arduino/ArduinoApps/denver-air-quality-on-led-matrix/.cache/sketch/sketch/sketch.ino.cpp.o
                0x0000000000000f8c                std::_Vector_base<unsigned int, std::allocator<unsigned int> >::~_Vector_base()
                0x0000000000000f8c                std::_Vector_base<unsigned int, std::allocator<unsigned int> >::~_Vector_base()
 .text._ZN10RPCRequestILj256EED2Ev
                0x0000000000000fa4       0x2c /home/arduino/ArduinoApps/denver-air-quality-on-led-matrix/.cache/sketch/sketch/sketch.ino.cpp.o
                0x0000000000000fa4                RPCRequest<256u>::~RPCRequest()
                0x0000000000000fa4                RPCRequest<256u>::~RPCRequest()
 .text._ZNSt6vectorIjSaIjEE17_M_realloc_insertIJRjEEEvN9__gnu_cxx17__normal_iteratorIPjS1_EEDpOT_
                0x0000000000000fd0       0xdc /home/arduino/ArduinoApps/denver-air-quality-on-led-matrix/.cache/sketch/sketch/sketch.ino.cpp.o
                0x0000000000000fd0                void std::vector<unsigned int, std::allocator<unsigned int> >::_M_realloc_insert<unsigned int&>(__gnu_cxx::__normal_iterator<unsigned int*, std::vector<unsigned int, std::allocator<unsigned int> > >, unsigned int&)
 .text._ZN7arduino7msgpack8Unpacker4feedEPKhj
                0x00000000000010ac       0x78 /home/arduino/ArduinoApps/denver-air-quality-on-led-matrix/.cache/sketch/sketch/sketch.ino.cpp.o
                0x00000000000010ac                arduino::msgpack::Unpacker::feed(unsigned char const*, unsigned int)
 .text._ZNKSt6vectorIhSaIhEE12_M_check_lenEjPKc
                0x0000000000001124       0x38 /home/arduino/ArduinoApps/denver-air-quality-on-led-matrix/.cache/sketch/sketch/sketch.ino.cpp.o
                0x0000000000001124                std::vector<unsigned char, std::allocator<unsigned char> >::_M_check_len(unsigned int, char const*) const
 .text._ZNSt6vectorIhSaIhEE12emplace_backIJRKhEEERhDpOT_.isra.0
                0x000000000000115c       0x90 /home/arduino/ArduinoApps/denver-air-quality-on-led-matrix/.cache/sketch/sketch/sketch.ino.cpp.o
 .text._ZNSt6vectorIhSaIhEE12emplace_backIJhEEERhDpOT_.isra.0
                0x00000000000011ec       0x90 /home/arduino/ArduinoApps/denver-air-quality-on-led-matrix/.cache/sketch/sketch/sketch.ino.cpp.o
 .text._ZN7arduino7msgpack8Unpacker11deserializeISt6vectorIhSaIhEEJEEEbRT_DpOT0_
                0x000000000000127c      0x13c /home/arduino/ArduinoApps/denver-air-quality-on-led-matrix/.cache/sketch/sketch/sketch.ino.cpp.o
                0x000000000000127c                bool arduino::msgpack::Unpacker::deserialize<std::vector<unsigned char, std::allocator<unsigned char> >>(std::vector<unsigned char, std::allocator<unsigned char> >&)
 .text._ZN7arduino7msgpack6Packer11packRawByteERKNS0_4TypeE.isra.0
                0x00000000000013b8       0x18 /home/arduino/ArduinoApps/denver-air-quality-on-led-matrix/.cache/sketch/sketch/sketch.ino.cpp.o
 .text._ZN7arduino7msgpack6Packer9packUInt8Eh
                0x00000000000013d0       0x2c /home/arduino/ArduinoApps/denver-air-quality-on-led-matrix/.cache/sketch/sketch/sketch.ino.cpp.o
                0x00000000000013d0                arduino::msgpack::Packer::packUInt8(unsigned char)
 .text._ZNSt6vectorIhSaIhEE12emplace_backIJRhEEES3_DpOT_.isra.0
                0x00000000000013fc       0x90 /home/arduino/ArduinoApps/denver-air-quality-on-led-matrix/.cache/sketch/sketch/sketch.ino.cpp.o
 .text._ZN7arduino7msgpack6Packer15packRawReversedIjEEvRKT_
                0x000000000000148c       0x1c /home/arduino/ArduinoApps/denver-air-quality-on-led-matrix/.cache/sketch/sketch/sketch.ino.cpp.o
                0x000000000000148c                void arduino::msgpack::Packer::packRawReversed<unsigned int>(unsigned int const&)
 .text._ZN7arduino7msgpack6Packer10packUInt32Ej
                0x00000000000014a8       0x28 /home/arduino/ArduinoApps/denver-air-quality-on-led-matrix/.cache/sketch/sketch/sketch.ino.cpp.o
                0x00000000000014a8                arduino::msgpack::Packer::packUInt32(unsigned int)
 .text._ZN7arduino7msgpack6Packer15packRawReversedItEEvRKT_
                0x00000000000014d0       0x1c /home/arduino/ArduinoApps/denver-air-quality-on-led-matrix/.cache/sketch/sketch/sketch.ino.cpp.o
                0x00000000000014d0                void arduino::msgpack::Packer::packRawReversed<unsigned short>(unsigned short const&)
 .text._ZN7arduino7msgpack6Packer13packArraySizeEj
                0x00000000000014ec       0x58 /home/arduino/ArduinoApps/denver-air-quality-on-led-matrix/.cache/sketch/sketch/sketch.ino.cpp.o
                0x00000000000014ec                arduino::msgpack::Packer::packArraySize(unsigned int)
 .text._ZN7arduino7msgpack6Packer10packUInt16Et
                0x0000000000001544       0x2c /home/arduino/ArduinoApps/denver-air-quality-on-led-matrix/.cache/sketch/sketch/sketch.ino.cpp.o
                0x0000000000001544                arduino::msgpack::Packer::packUInt16(unsigned short)
 .text._ZN7arduino7msgpack6Packer11packIntegerIjEENSt9enable_ifIXaaaaaasrSt13is_arithmeticIT_E5valuesrSt11is_integralIS5_E5valuentsrSt7is_sameIS5_bE5valuentsrS9_INSt9remove_cvIS5_E4typeEPcE5valueEvE4typeERKS5_.isra.0
                0x0000000000001570       0x50 /home/arduino/ArduinoApps/denver-air-quality-on-led-matrix/.cache/sketch/sketch/sketch.ino.cpp.o
 .text._ZN7arduino7msgpack6Packer11packIntegerIiEENSt9enable_ifIXaaaaaasrSt13is_arithmeticIT_E5valuesrSt11is_integralIS5_E5valuentsrSt7is_sameIS5_bE5valuentsrS9_INSt9remove_cvIS5_E4typeEPcE5valueEvE4typeERKS5_.isra.0
                0x00000000000015c0       0xb8 /home/arduino/ArduinoApps/denver-air-quality-on-led-matrix/.cache/sketch/sketch/sketch.ino.cpp.o
 .text._ZN7arduino7msgpack6Packer12packRawBytesEPKcj
                0x0000000000001678       0x9c /home/arduino/ArduinoApps/denver-air-quality-on-led-matrix/.cache/sketch/sketch/sketch.ino.cpp.o
                0x0000000000001678                arduino::msgpack::Packer::packRawBytes(char const*, unsigned int)
 .text._ZN7arduino7msgpack6Packer4packERKNS_6StringE
                0x0000000000001714       0x7c /home/arduino/ArduinoApps/denver-air-quality-on-led-matrix/.cache/sketch/sketch/sketch.ino.cpp.o
                0x0000000000001714                arduino::msgpack::Packer::pack(arduino::String const&)
 .text._ZN7arduino7msgpack6Packer9serializeIJRKiRjRKNS_6StringEEEEvRKNS0_4type9ArraySizeEDpOT_.isra.0
                0x0000000000001790       0x38 /home/arduino/ArduinoApps/denver-air-quality-on-led-matrix/.cache/sketch/sketch/sketch.ino.cpp.o
 .text._ZN7arduino7msgpack8Unpacker9unpackIntIiEENSt9enable_ifIXaaaaaaaasrSt13is_arithmeticIT_E5valuesrSt11is_integralIS5_E5valuentsrSt7is_sameIS5_bE5valuentsrS9_INSt9remove_cvIS5_E4typeEPcE5valuesrSt9is_signedIS5_E5valueES5_E4typeEv
                0x00000000000017c8       0xd0 /home/arduino/ArduinoApps/denver-air-quality-on-led-matrix/.cache/sketch/sketch/sketch.ino.cpp.o
                0x00000000000017c8                std::enable_if<(((std::is_arithmetic<int>::value&&std::is_integral<int>::value)&&(!std::is_same<int, bool>::value))&&(!std::is_same<std::remove_cv<int>::type, char*>::value))&&std::is_signed<int>::value, int>::type arduino::msgpack::Unpacker::unpackInt<int>()
 .text._ZN7arduino7msgpack8Unpacker11deserializeIiJEEEbRT_DpOT0_
                0x0000000000001898       0x40 /home/arduino/ArduinoApps/denver-air-quality-on-led-matrix/.cache/sketch/sketch/sketch.ino.cpp.o
                0x0000000000001898                bool arduino::msgpack::Unpacker::deserialize<int>(int&)
 .text._ZN7arduino7msgpack8Unpacker11unpackFloatIfEENSt9enable_ifIXaasrSt13is_arithmeticIT_E5valuesrSt17is_floating_pointIS5_E5valueES5_E4typeEv
                0x00000000000018d8      0x118 /home/arduino/ArduinoApps/denver-air-quality-on-led-matrix/.cache/sketch/sketch/sketch.ino.cpp.o
                0x00000000000018d8                std::enable_if<std::is_arithmetic<float>::value&&std::is_floating_point<float>::value, float>::type arduino::msgpack::Unpacker::unpackFloat<float>()
 .text._ZN7arduino7msgpack8Unpacker11unpackFloatIdEENSt9enable_ifIXaasrSt13is_arithmeticIT_E5valuesrSt17is_floating_pointIS5_E5valueES5_E4typeEv
                0x00000000000019f0      0x118 /home/arduino/ArduinoApps/denver-air-quality-on-led-matrix/.cache/sketch/sketch/sketch.ino.cpp.o
                0x00000000000019f0                std::enable_if<std::is_arithmetic<double>::value&&std::is_floating_point<double>::value, double>::type arduino::msgpack::Unpacker::unpackFloat<double>()
 .text._ZN7arduino7msgpack8Unpacker11deserializeINS0_4type9ArraySizeEJRiEEEbRT_DpOT0_
                0x0000000000001b08       0x44 /home/arduino/ArduinoApps/denver-air-quality-on-led-matrix/.cache/sketch/sketch/sketch.ino.cpp.o
                0x0000000000001b08                bool arduino::msgpack::Unpacker::deserialize<arduino::msgpack::type::ArraySize, int&>(arduino::msgpack::type::ArraySize&, int&)
 .text._ZNK10RpcDecoderILj1024EE4sendEPKhj
                0x0000000000001b4c       0x22 /home/arduino/ArduinoApps/denver-air-quality-on-led-matrix/.cache/sketch/sketch/sketch.ino.cpp.o
                0x0000000000001b4c                RpcDecoder<1024u>::send(unsigned char const*, unsigned int) const
 *fill*         0x0000000000001b6e        0x2 
 .text._ZN9RPCClient8send_rpcIJEEEbRKN7arduino6StringERjDpOT_.isra.0
                0x0000000000001b70       0x74 /home/arduino/ArduinoApps/denver-air-quality-on-led-matrix/.cache/sketch/sketch/sketch.ino.cpp.o
 .text._ZN9RPCClient8send_rpcIJRKN7arduino6StringEEEEbS4_RjDpOT_.isra.0
                0x0000000000001be4       0x84 /home/arduino/ArduinoApps/denver-air-quality-on-led-matrix/.cache/sketch/sketch/sketch.ino.cpp.o
 .text._ZN9RPCClient8send_rpcIJRKjEEEbRKN7arduino6StringERjDpOT_.isra.0
                0x0000000000001c68       0x84 /home/arduino/ArduinoApps/denver-air-quality-on-led-matrix/.cache/sketch/sketch/sketch.ino.cpp.o
 .text._ZNK9RPCServer13send_responseILj256EEEbRK10RPCRequestIXT_EE.isra.0
                0x0000000000001cec       0x24 /home/arduino/ArduinoApps/denver-air-quality-on-led-matrix/.cache/sketch/sketch/sketch.ino.cpp.o
 .text._ZN10RpcDecoderILj1024EE7consumeEjj
                0x0000000000001d10       0x36 /home/arduino/ArduinoApps/denver-air-quality-on-led-matrix/.cache/sketch/sketch/sketch.ino.cpp.o
                0x0000000000001d10                RpcDecoder<1024u>::consume(unsigned int, unsigned int)
 *fill*         0x0000000000001d46        0x2 
 .text._ZN10RpcDecoderILj1024EE7discardEv
                0x0000000000001d48       0x2c /home/arduino/ArduinoApps/denver-air-quality-on-led-matrix/.cache/sketch/sketch/sketch.ino.cpp.o
                0x0000000000001d48                RpcDecoder<1024u>::discard()
 .text._ZN7arduino7msgpack8Unpacker11deserializeI8RpcErrorJRNS0_6object5nil_tEEEEbRT_DpOT0_
                0x0000000000001d74       0x90 /home/arduino/ArduinoApps/denver-air-quality-on-led-matrix/.cache/sketch/sketch/sketch.ino.cpp.o
                0x0000000000001d74                bool arduino::msgpack::Unpacker::deserialize<RpcError, arduino::msgpack::object::nil_t&>(RpcError&, arduino::msgpack::object::nil_t&)
 .text._ZN7arduino7msgpack8Unpacker10unpackUIntIjEENSt9enable_ifIXaaaaaaaasrSt13is_arithmeticIT_E5valuesrSt11is_integralIS5_E5valuentsrSt7is_sameIS5_bE5valuentsrS9_INSt9remove_cvIS5_E4typeEPcE5valuentsrSt9is_signedIS5_E5valueES5_E4typeEv
                0x0000000000001e04       0x80 /home/arduino/ArduinoApps/denver-air-quality-on-led-matrix/.cache/sketch/sketch/sketch.ino.cpp.o
                0x0000000000001e04                std::enable_if<(((std::is_arithmetic<unsigned int>::value&&std::is_integral<unsigned int>::value)&&(!std::is_same<unsigned int, bool>::value))&&(!std::is_same<std::remove_cv<unsigned int>::type, char*>::value))&&(!std::is_signed<unsigned int>::value), unsigned int>::type arduino::msgpack::Unpacker::unpackUInt<unsigned int>()
 .text._ZN7arduino7msgpack8Unpacker11deserializeIjJRNS_6StringEEEEbRT_DpOT0_
                0x0000000000001e84       0x44 /home/arduino/ArduinoApps/denver-air-quality-on-led-matrix/.cache/sketch/sketch/sketch.ino.cpp.o
                0x0000000000001e84                bool arduino::msgpack::Unpacker::deserialize<unsigned int, arduino::String&>(unsigned int&, arduino::String&)
 .text._ZN10RpcDecoderILj1024EE16fetch_rpc_methodEv
                0x0000000000001ec8       0xe8 /home/arduino/ArduinoApps/denver-air-quality-on-led-matrix/.cache/sketch/sketch/sketch.ino.cpp.o
                0x0000000000001ec8                RpcDecoder<1024u>::fetch_rpc_method()
 .text._ZN10RPCRequestILj256EE22unpack_request_headersEv
                0x0000000000001fb0       0xb8 /home/arduino/ArduinoApps/denver-air-quality-on-led-matrix/.cache/sketch/sketch/sketch.ino.cpp.o
                0x0000000000001fb0                RPCRequest<256u>::unpack_request_headers()
 .text._ZN9RPCServer15process_requestILj256EEEvR10RPCRequestIXT_EE
                0x0000000000002068      0x138 /home/arduino/ArduinoApps/denver-air-quality-on-led-matrix/.cache/sketch/sketch/sketch.ino.cpp.o
                0x0000000000002068                void RPCServer::process_request<256u>(RPCRequest<256u>&)
 .text._ZN7arduino7msgpack8Unpacker11deserializeIjJEEEbRT_DpOT0_
                0x00000000000021a0       0x40 /home/arduino/ArduinoApps/denver-air-quality-on-led-matrix/.cache/sketch/sketch/sketch.ino.cpp.o
                0x00000000000021a0                bool arduino::msgpack::Unpacker::deserialize<unsigned int>(unsigned int&)
 .text._ZN7arduino7msgpack8Unpacker11deserializeINS0_4type9ArraySizeEJRiRjEEEbRT_DpOT0_
                0x00000000000021e0       0x78 /home/arduino/ArduinoApps/denver-air-quality-on-led-matrix/.cache/sketch/sketch/sketch.ino.cpp.o
                0x00000000000021e0                bool arduino::msgpack::Unpacker::deserialize<arduino::msgpack::type::ArraySize, int&, unsigned int&>(arduino::msgpack::type::ArraySize&, int&, unsigned int&)
 .text._ZN10RpcDecoderILj1024EE12get_responseIN7arduino7msgpack6object5nil_tEEEbjRT_R8RpcError
                0x0000000000002258      0x164 /home/arduino/ArduinoApps/denver-air-quality-on-led-matrix/.cache/sketch/sketch/sketch.ino.cpp.o
                0x0000000000002258                bool RpcDecoder<1024u>::get_response<arduino::msgpack::object::nil_t>(unsigned int, arduino::msgpack::object::nil_t&, RpcError&)
 .text._ZN10RpcDecoderILj1024EE12get_responseIbEEbjRT_R8RpcError
                0x00000000000023bc      0x164 /home/arduino/ArduinoApps/denver-air-quality-on-led-matrix/.cache/sketch/sketch/sketch.ino.cpp.o
                0x00000000000023bc                bool RpcDecoder<1024u>::get_response<bool>(unsigned int, bool&, RpcError&)
 .text._ZN10RpcDecoderILj1024EE12get_responseIN7arduino6StringEEEbjRT_R8RpcError
                0x0000000000002520      0x164 /home/arduino/ArduinoApps/denver-air-quality-on-led-matrix/.cache/sketch/sketch/sketch.ino.cpp.o
                0x0000000000002520                bool RpcDecoder<1024u>::get_response<arduino::String>(unsigned int, arduino::String&, RpcError&)
 .text._ZNSt11__copy_moveILb0ELb1ESt26random_access_iterator_tagE8__copy_mIhEEPT_PKS3_S6_S4_
                0x0000000000002684       0x1c /home/arduino/ArduinoApps/denver-air-quality-on-led-matrix/.cache/sketch/sketch/sketch.ino.cpp.o
                0x0000000000002684                unsigned char* std::__copy_move<false, true, std::random_access_iterator_tag>::__copy_m<unsigned char>(unsigned char const*, unsigned char const*, unsigned char*)
 .text._ZNSt11__copy_moveILb1ELb1ESt26random_access_iterator_tagE8__copy_mIhEEPT_PKS3_S6_S4_
                0x00000000000026a0       0x1c /home/arduino/ArduinoApps/denver-air-quality-on-led-matrix/.cache/sketch/sketch/sketch.ino.cpp.o
                0x00000000000026a0                unsigned char* std::__copy_move<true, true, std::random_access_iterator_tag>::__copy_m<unsigned char>(unsigned char const*, unsigned char const*, unsigned char*)
 .text._ZN7arduino7msgpack6object3extC2EaPKhj
                0x00000000000026bc      0x104 /home/arduino/ArduinoApps/denver-air-quality-on-led-matrix/.cache/sketch/sketch/sketch.ino.cpp.o
                0x00000000000026bc                arduino::msgpack::object::ext::ext(signed char, unsigned char const*, unsigned int)
                0x00000000000026bc                arduino::msgpack::object::ext::ext(signed char, unsigned char const*, unsigned int)
 .text._ZN7arduino7msgpack8Unpacker9unpackExtEv
                0x00000000000027c0      0x178 /home/arduino/ArduinoApps/denver-air-quality-on-led-matrix/.cache/sketch/sketch/sketch.ino.cpp.o
                0x00000000000027c0                arduino::msgpack::Unpacker::unpackExt()
 .text._ZN8RpcUtils6detail12unpackObjectERN7arduino7msgpack8UnpackerE
                0x0000000000002938      0x29c /home/arduino/ArduinoApps/denver-air-quality-on-led-matrix/.cache/sketch/sketch/sketch.ino.cpp.o
                0x0000000000002938                RpcUtils::detail::unpackObject(arduino::msgpack::Unpacker&)
 .text._ZN10RpcDecoderILj1024EE12parse_packetEv
                0x0000000000002bd4       0xf8 /home/arduino/ArduinoApps/denver-air-quality-on-led-matrix/.cache/sketch/sketch/sketch.ino.cpp.o
                0x0000000000002bd4                RpcDecoder<1024u>::parse_packet()
 .text._ZN10RpcDecoderILj1024EE6decodeEv
                0x0000000000002ccc       0x40 /home/arduino/ArduinoApps/denver-air-quality-on-led-matrix/.cache/sketch/sketch/sketch.ino.cpp.o
                0x0000000000002ccc                RpcDecoder<1024u>::decode()
 .text._ZN9RPCServer7get_rpcILj256EEEbR10RPCRequestIXT_EEN7arduino6StringE
                0x0000000000002d0c       0xc4 /home/arduino/ArduinoApps/denver-air-quality-on-led-matrix/.cache/sketch/sketch/sketch.ino.cpp.o
                0x0000000000002d0c                bool RPCServer::get_rpc<256u>(RPCRequest<256u>&, arduino::String)
 .text._ZN11BridgeClass11update_safeEv
                0x0000000000002dd0       0xb0 /home/arduino/ArduinoApps/denver-air-quality-on-led-matrix/.cache/sketch/sketch/sketch.ino.cpp.o
                0x0000000000002dd0                BridgeClass::update_safe()
 .text._Z10__loopHookv
                0x0000000000002e80       0x20 /home/arduino/ArduinoApps/denver-air-quality-on-led-matrix/.cache/sketch/sketch/sketch.ino.cpp.o
                0x0000000000002e80                __loopHook()
 .text._ZN11BridgeClass6updateEv
                0x0000000000002ea0       0xb0 /home/arduino/ArduinoApps/denver-air-quality-on-led-matrix/.cache/sketch/sketch/sketch.ino.cpp.o
                0x0000000000002ea0                BridgeClass::update()
 .text._Z16updateEntryPointPvS_S_
                0x0000000000002f50       0x24 /home/arduino/ArduinoApps/denver-air-quality-on-led-matrix/.cache/sketch/sketch/sketch.ino.cpp.o
                0x0000000000002f50                updateEntryPoint(void*, void*, void*)
 .text._ZN9RPCClient12get_responseIN7arduino7msgpack6object5nil_tEEEbjRT_R8RpcError
                0x0000000000002f74       0x40 /home/arduino/ArduinoApps/denver-air-quality-on-led-matrix/.cache/sketch/sketch/sketch.ino.cpp.o
                0x0000000000002f74                bool RPCClient::get_response<arduino::msgpack::object::nil_t>(unsigned int, arduino::msgpack::object::nil_t&, RpcError&)
 .text._ZN9RpcResultIJEED2Ev
                0x0000000000002fb4       0x9c /home/arduino/ArduinoApps/denver-air-quality-on-led-matrix/.cache/sketch/sketch/sketch.ino.cpp.o
                0x0000000000002fb4                RpcResult<>::~RpcResult()
                0x0000000000002fb4                RpcResult<>::~RpcResult()
 .text.setup    0x0000000000003050      0x214 /home/arduino/ArduinoApps/denver-air-quality-on-led-matrix/.cache/sketch/sketch/sketch.ino.cpp.o
                0x0000000000003050                setup
 .text._ZN9RpcResultIJEE6resultIN7arduino6StringEEEbRT_
                0x0000000000003264       0xb8 /home/arduino/ArduinoApps/denver-air-quality-on-led-matrix/.cache/sketch/sketch/sketch.ino.cpp.o
                0x0000000000003264                bool RpcResult<>::result<arduino::String>(arduino::String&)
 .text.loop     0x000000000000331c      0x11c /home/arduino/ArduinoApps/denver-air-quality-on-led-matrix/.cache/sketch/sketch/sketch.ino.cpp.o
                0x000000000000331c                loop
 .text._ZN8RpcUtils6detail9unpackMapERN7arduino7msgpack8UnpackerERj
                0x0000000000003438       0x80 /home/arduino/ArduinoApps/denver-air-quality-on-led-matrix/.cache/sketch/sketch/sketch.ino.cpp.o
                0x0000000000003438                RpcUtils::detail::unpackMap(arduino::msgpack::Unpacker&, unsigned int&)
 .text._ZN10RpcDecoderILj1024EE12get_responseIjEEbjRT_R8RpcError
                0x00000000000034b8      0x164 /home/arduino/ArduinoApps/denver-air-quality-on-led-matrix/.cache/sketch/sketch/sketch.ino.cpp.o
                0x00000000000034b8                bool RpcDecoder<1024u>::get_response<unsigned int>(unsigned int, unsigned int&, RpcError&)
 .text._ZN9RpcResultIJRN7arduino6StringEEE6resultIjEEbRT_
                0x000000000000361c       0xbc /home/arduino/ArduinoApps/denver-air-quality-on-led-matrix/.cache/sketch/sketch/sketch.ino.cpp.o
                0x000000000000361c                bool RpcResult<arduino::String&>::result<unsigned int>(unsigned int&)
 .text._ZN13BridgeMonitorILj512EE5writeEPKhj
                0x00000000000036d8      0x128 /home/arduino/ArduinoApps/denver-air-quality-on-led-matrix/.cache/sketch/sketch/sketch.ino.cpp.o
                0x00000000000036d8                BridgeMonitor<512u>::write(unsigned char const*, unsigned int)
 .text._ZN10RpcDecoderILj1024EE12get_responseISt6vectorIhSaIhEEEEbjRT_R8RpcError
                0x0000000000003800      0x164 /home/arduino/ArduinoApps/denver-air-quality-on-led-matrix/.cache/sketch/sketch/sketch.ino.cpp.o
                0x0000000000003800                bool RpcDecoder<1024u>::get_response<std::vector<unsigned char, std::allocator<unsigned char> > >(unsigned int, std::vector<unsigned char, std::allocator<unsigned char> >&, RpcError&)
 .text._ZN9RpcResultIJRjEE6resultISt6vectorIhSaIhEEEEbRT_
                0x0000000000003964       0xbc /home/arduino/ArduinoApps/denver-air-quality-on-led-matrix/.cache/sketch/sketch/sketch.ino.cpp.o
                0x0000000000003964                bool RpcResult<unsigned int&>::result<std::vector<unsigned char, std::allocator<unsigned char> > >(std::vector<unsigned char, std::allocator<unsigned char> >&)
 .text._ZN13BridgeMonitorILj512EE5_readEj
                0x0000000000003a20      0x15c /home/arduino/ArduinoApps/denver-air-quality-on-led-matrix/.cache/sketch/sketch/sketch.ino.cpp.o
                0x0000000000003a20                BridgeMonitor<512u>::_read(unsigned int)
 .text._ZN13BridgeMonitorILj512EE9availableEv
                0x0000000000003b7c       0x44 /home/arduino/ArduinoApps/denver-air-quality-on-led-matrix/.cache/sketch/sketch/sketch.ino.cpp.o
                0x0000000000003b7c                BridgeMonitor<512u>::available()
 .text._GLOBAL__sub_I_Bridge
                0x0000000000003bc0       0xd4 /home/arduino/ArduinoApps/denver-air-quality-on-led-matrix/.cache/sketch/sketch/sketch.ino.cpp.o
 .text._GLOBAL__sub_D_Bridge
                0x0000000000003c94       0x20 /home/arduino/ArduinoApps/denver-air-quality-on-led-matrix/.cache/sketch/sketch/sketch.ino.cpp.o
 .text._ZSt20__throw_length_errorPKc
                0x0000000000003cb4        0x2 /home/arduino/ArduinoApps/denver-air-quality-on-led-matrix/.cache/sketch/core/core.a(abi.cpp.o)
                0x0000000000003cb4                std::__throw_length_error(char const*)
 .text._ZSt17__throw_bad_allocv
                0x0000000000003cb6        0x2 /home/arduino/ArduinoApps/denver-air-quality-on-led-matrix/.cache/sketch/core/core.a(abi.cpp.o)
                0x0000000000003cb6                std::__throw_bad_alloc()
 .text.atexit   0x0000000000003cb8        0x4 /home/arduino/ArduinoApps/denver-air-quality-on-led-matrix/.cache/sketch/core/core.a(abi.cpp.o)
                0x0000000000003cb8                atexit
 .text.strcmp   0x0000000000003cbc       0x16 /home/arduino/ArduinoApps/denver-air-quality-on-led-matrix/.cache/sketch/core/core.a(abi.cpp.o)
                0x0000000000003cbc                strcmp
 *fill*         0x0000000000003cd2        0x2 
 .text._ZN7arduino6Stream9timedReadEv
                0x0000000000003cd4       0x2c /home/arduino/ArduinoApps/denver-air-quality-on-led-matrix/.cache/sketch/core/core.a(Stream.cpp.o)
                0x0000000000003cd4                arduino::Stream::timedRead()
 .text._ZN7arduino6Stream10setTimeoutEm
                0x0000000000003d00        0x4 /home/arduino/ArduinoApps/denver-air-quality-on-led-matrix/.cache/sketch/core/core.a(Stream.cpp.o)
                0x0000000000003d00                arduino::Stream::setTimeout(unsigned long)
 .text._ZN7arduino6Stream9readBytesEPcj
                0x0000000000003d04       0x2c /home/arduino/ArduinoApps/denver-air-quality-on-led-matrix/.cache/sketch/core/core.a(Stream.cpp.o)
                0x0000000000003d04                arduino::Stream::readBytes(char*, unsigned int)
 .text._ZN7arduino6StringC2EOS0_
                0x0000000000003d30       0x16 /home/arduino/ArduinoApps/denver-air-quality-on-led-matrix/.cache/sketch/core/core.a(String.cpp.o)
                0x0000000000003d30                arduino::String::String(arduino::String&&)
                0x0000000000003d30                arduino::String::String(arduino::String&&)
 *fill*         0x0000000000003d46        0x2 
 .text._ZN7arduino6StringD2Ev
                0x0000000000003d48       0x14 /home/arduino/ArduinoApps/denver-air-quality-on-led-matrix/.cache/sketch/core/core.a(String.cpp.o)
                0x0000000000003d48                arduino::String::~String()
                0x0000000000003d48                arduino::String::~String()
 .text._ZN7arduino6String10invalidateEv
                0x0000000000003d5c       0x1c /home/arduino/ArduinoApps/denver-air-quality-on-led-matrix/.cache/sketch/core/core.a(String.cpp.o)
                0x0000000000003d5c                arduino::String::invalidate()
 .text._ZN7arduino6String12changeBufferEj
                0x0000000000003d78       0x1c /home/arduino/ArduinoApps/denver-air-quality-on-led-matrix/.cache/sketch/core/core.a(String.cpp.o)
                0x0000000000003d78                arduino::String::changeBuffer(unsigned int)
 .text._ZN7arduino6String7reserveEj
                0x0000000000003d94       0x28 /home/arduino/ArduinoApps/denver-air-quality-on-led-matrix/.cache/sketch/core/core.a(String.cpp.o)
                0x0000000000003d94                arduino::String::reserve(unsigned int)
 .text._ZN7arduino6String4copyEPKcj
                0x0000000000003dbc       0x3c /home/arduino/ArduinoApps/denver-air-quality-on-led-matrix/.cache/sketch/core/core.a(String.cpp.o)
                0x0000000000003dbc                arduino::String::copy(char const*, unsigned int)
 .text._ZN7arduino6StringC2EPKc
                0x0000000000003df8       0x2c /home/arduino/ArduinoApps/denver-air-quality-on-led-matrix/.cache/sketch/core/core.a(String.cpp.o)
                0x0000000000003df8                arduino::String::String(char const*)
                0x0000000000003df8                arduino::String::String(char const*)
 .text._ZN7arduino6String4moveERS0_
                0x0000000000003e24       0x2c /home/arduino/ArduinoApps/denver-air-quality-on-led-matrix/.cache/sketch/core/core.a(String.cpp.o)
                0x0000000000003e24                arduino::String::move(arduino::String&)
 .text._ZN7arduino6StringaSERKS0_
                0x0000000000003e50       0x28 /home/arduino/ArduinoApps/denver-air-quality-on-led-matrix/.cache/sketch/core/core.a(String.cpp.o)
                0x0000000000003e50                arduino::String::operator=(arduino::String const&)
 .text._ZN7arduino6StringC2ERKS0_
                0x0000000000003e78       0x18 /home/arduino/ArduinoApps/denver-air-quality-on-led-matrix/.cache/sketch/core/core.a(String.cpp.o)
                0x0000000000003e78                arduino::String::String(arduino::String const&)
                0x0000000000003e78                arduino::String::String(arduino::String const&)
 .text._ZN7arduino6StringaSEOS0_
                0x0000000000003e90       0x10 /home/arduino/ArduinoApps/denver-air-quality-on-led-matrix/.cache/sketch/core/core.a(String.cpp.o)
                0x0000000000003e90                arduino::String::operator=(arduino::String&&)
 .text._ZN7arduino6StringaSEPKc
                0x0000000000003ea0       0x30 /home/arduino/ArduinoApps/denver-air-quality-on-led-matrix/.cache/sketch/core/core.a(String.cpp.o)
                0x0000000000003ea0                arduino::String::operator=(char const*)
 .text._ZN7arduino6String6concatEPKcj
                0x0000000000003ed0       0x40 /home/arduino/ArduinoApps/denver-air-quality-on-led-matrix/.cache/sketch/core/core.a(String.cpp.o)
                0x0000000000003ed0                arduino::String::concat(char const*, unsigned int)
 .text._ZN7arduino6String6concatEc
                0x0000000000003f10       0x1c /home/arduino/ArduinoApps/denver-air-quality-on-led-matrix/.cache/sketch/core/core.a(String.cpp.o)
                0x0000000000003f10                arduino::String::concat(char)
 .text._ZNK7arduino6String9compareToERKS0_
                0x0000000000003f2c       0x30 /home/arduino/ArduinoApps/denver-air-quality-on-led-matrix/.cache/sketch/core/core.a(String.cpp.o)
                0x0000000000003f2c                arduino::String::compareTo(arduino::String const&) const
 .text._ZNK7arduino6String6equalsERKS0_
                0x0000000000003f5c       0x20 /home/arduino/ArduinoApps/denver-air-quality-on-led-matrix/.cache/sketch/core/core.a(String.cpp.o)
                0x0000000000003f5c                arduino::String::equals(arduino::String const&) const
 .text._ZNK7arduino6String6equalsEPKc
                0x0000000000003f7c       0x28 /home/arduino/ArduinoApps/denver-air-quality-on-led-matrix/.cache/sketch/core/core.a(String.cpp.o)
                0x0000000000003f7c                arduino::String::equals(char const*) const
 .text.initVariant
                0x0000000000003fa4        0x2 /home/arduino/ArduinoApps/denver-air-quality-on-led-matrix/.cache/sketch/core/core.a(main.cpp.o)
                0x0000000000003fa4                initVariant
 *fill*         0x0000000000003fa6        0x2 
 .text.main     0x0000000000003fa8       0x2c /home/arduino/ArduinoApps/denver-air-quality-on-led-matrix/.cache/sketch/core/core.a(main.cpp.o)
                0x0000000000003fa8                main
 .text._ZL10new_helperj
                0x0000000000003fd4       0x10 /home/arduino/ArduinoApps/denver-air-quality-on-led-matrix/.cache/sketch/core/core.a(new.cpp.o)
 .text._Znwj    0x0000000000003fe4        0x8 /home/arduino/ArduinoApps/denver-air-quality-on-led-matrix/.cache/sketch/core/core.a(new.cpp.o)
                0x0000000000003fe4                operator new(unsigned int)
 .text._ZnwjPv  0x0000000000003fec        0x4 /home/arduino/ArduinoApps/denver-air-quality-on-led-matrix/.cache/sketch/core/core.a(new.cpp.o)
                0x0000000000003fec                operator new(unsigned int, void*)
 .text._ZdlPvj  0x0000000000003ff0        0x8 /home/arduino/ArduinoApps/denver-air-quality-on-led-matrix/.cache/sketch/core/core.a(new.cpp.o)
                0x0000000000003ff0                operator delete(void*, unsigned int)
 .text._Z20start_static_threadsv
                0x0000000000003ff8       0x6c /home/arduino/ArduinoApps/denver-air-quality-on-led-matrix/.cache/sketch/core/core.a(threads.cpp.o)
                0x0000000000003ff8                start_static_threads()
 .text.yield    0x0000000000004064        0x8 /home/arduino/ArduinoApps/denver-air-quality-on-led-matrix/.cache/sketch/core/core.a(zephyrCommon.cpp.o)
                0x0000000000004064                yield
 .text.delay    0x000000000000406c       0x10 /home/arduino/ArduinoApps/denver-air-quality-on-led-matrix/.cache/sketch/core/core.a(zephyrCommon.cpp.o)
                0x000000000000406c                delay
 .text.millis   0x000000000000407c       0x18 /home/arduino/ArduinoApps/denver-air-quality-on-led-matrix/.cache/sketch/core/core.a(zephyrCommon.cpp.o)
                0x000000000000407c                millis
 .text.z_impl_uart_irq_tx_enable
                0x0000000000004094        0xa /home/arduino/ArduinoApps/denver-air-quality-on-led-matrix/.cache/sketch/core/core.a(zephyrSerial.cpp.o)
 .text._ZN7arduino12ZephyrSerial5beginEm
                0x000000000000409e        0xa /home/arduino/ArduinoApps/denver-air-quality-on-led-matrix/.cache/sketch/core/core.a(zephyrSerial.cpp.o)
                0x000000000000409e                arduino::ZephyrSerial::begin(unsigned long)
 .text._ZN7arduino12ZephyrSerial3endEv
                0x00000000000040a8        0x2 /home/arduino/ArduinoApps/denver-air-quality-on-led-matrix/.cache/sketch/core/core.a(zephyrSerial.cpp.o)
                0x00000000000040a8                arduino::ZephyrSerial::end()
 .text._ZN7arduino12ZephyrSerial5writeEh
                0x00000000000040aa       0x18 /home/arduino/ArduinoApps/denver-air-quality-on-led-matrix/.cache/sketch/core/core.a(zephyrSerial.cpp.o)
                0x00000000000040aa                arduino::ZephyrSerial::write(unsigned char)
 .text._ZN7arduino12ZephyrSerialcvbEv
                0x00000000000040c2        0x4 /home/arduino/ArduinoApps/denver-air-quality-on-led-matrix/.cache/sketch/core/core.a(zephyrSerial.cpp.o)
                0x00000000000040c2                arduino::ZephyrSerial::operator bool()
 *fill*         0x00000000000040c6        0x2 
 .text.k_sem_give
                0x00000000000040c8        0x8 /home/arduino/ArduinoApps/denver-air-quality-on-led-matrix/.cache/sketch/core/core.a(zephyrSerial.cpp.o)
 .text.k_sem_take.isra.0
                0x00000000000040d0        0x8 /home/arduino/ArduinoApps/denver-air-quality-on-led-matrix/.cache/sketch/core/core.a(zephyrSerial.cpp.o)
 .text._ZN7arduino12ZephyrSerial4readEv
                0x00000000000040d8       0x48 /home/arduino/ArduinoApps/denver-air-quality-on-led-matrix/.cache/sketch/core/core.a(zephyrSerial.cpp.o)
                0x00000000000040d8                arduino::ZephyrSerial::read()
 .text._ZN7arduino12ZephyrSerial4peekEv
                0x0000000000004120       0x48 /home/arduino/ArduinoApps/denver-air-quality-on-led-matrix/.cache/sketch/core/core.a(zephyrSerial.cpp.o)
                0x0000000000004120                arduino::ZephyrSerial::peek()
 .text._ZN7arduino12ZephyrSerial17availableForWriteEv
                0x0000000000004168       0x3c /home/arduino/ArduinoApps/denver-air-quality-on-led-matrix/.cache/sketch/core/core.a(zephyrSerial.cpp.o)
                0x0000000000004168                arduino::ZephyrSerial::availableForWrite()
 .text._ZN7arduino12ZephyrSerial9availableEv
                0x00000000000041a4       0x34 /home/arduino/ArduinoApps/denver-air-quality-on-led-matrix/.cache/sketch/core/core.a(zephyrSerial.cpp.o)
                0x00000000000041a4                arduino::ZephyrSerial::available()
 .text._ZN7arduino12ZephyrSerial5beginEmt
                0x00000000000041d8       0xb8 /home/arduino/ArduinoApps/denver-air-quality-on-led-matrix/.cache/sketch/core/core.a(zephyrSerial.cpp.o)
                0x00000000000041d8                arduino::ZephyrSerial::begin(unsigned long, unsigned short)
 .text._ZN7arduino12ZephyrSerial5flushEv
                0x0000000000004290       0x2c /home/arduino/ArduinoApps/denver-air-quality-on-led-matrix/.cache/sketch/core/core.a(zephyrSerial.cpp.o)
                0x0000000000004290                arduino::ZephyrSerial::flush()
 .text._ZN7arduino12ZephyrSerial5writeEPKhj
                0x00000000000042bc       0x70 /home/arduino/ArduinoApps/denver-air-quality-on-led-matrix/.cache/sketch/core/core.a(zephyrSerial.cpp.o)
                0x00000000000042bc                arduino::ZephyrSerial::write(unsigned char const*, unsigned int)
 .text._ZN7arduino12ZephyrSerial10IrqHandlerEv
                0x000000000000432c       0xec /home/arduino/ArduinoApps/denver-air-quality-on-led-matrix/.cache/sketch/core/core.a(zephyrSerial.cpp.o)
                0x000000000000432c                arduino::ZephyrSerial::IrqHandler()
 .text._ZN7arduino12ZephyrSerial11IrqDispatchEPK6devicePv
                0x0000000000004418        0xc /home/arduino/ArduinoApps/denver-air-quality-on-led-matrix/.cache/sketch/core/core.a(zephyrSerial.cpp.o)
                0x0000000000004418                arduino::ZephyrSerial::IrqDispatch(device const*, void*)
 .text._ZN7arduino12ZephyrSerial18ZephyrSerialBufferILi64EEC2Ev
                0x0000000000004424       0x28 /home/arduino/ArduinoApps/denver-air-quality-on-led-matrix/.cache/sketch/core/core.a(zephyrSerial.cpp.o)
                0x0000000000004424                arduino::ZephyrSerial::ZephyrSerialBuffer<64>::ZephyrSerialBuffer()
                0x0000000000004424                arduino::ZephyrSerial::ZephyrSerialBuffer<64>::ZephyrSerialBuffer()
 .text._GLOBAL__sub_I__ZN7arduino12ZephyrSerial5beginEmt
                0x000000000000444c       0x5c /home/arduino/ArduinoApps/denver-air-quality-on-led-matrix/.cache/sketch/core/core.a(zephyrSerial.cpp.o)
 *(.text.*)
 *(.text._*)
 *(.init)
 *(.ctors)
 *(.dtors)
 *(.fini)

.static_thread_data_area
                0x00000000000044a8        0x0
                0x00000000000044a8                __static_thread_data_list_start = .
 *(.static_thread_data_area SORT_BY_NAME(.__static_thread_data.*))
                0x00000000000044a8                __static_thread_data_list_end = .

.rodata         0x00000000000044a8      0x280
 *(.rodata)
 *(.rodata1)
 *(.rodata.*)
 .rodata._ZN8RpcErrorC2Ev.str1.1
                0x00000000000044a8        0x1 /home/arduino/ArduinoApps/denver-air-quality-on-led-matrix/.cache/sketch/sketch/sketch.ino.cpp.o
 .rodata._ZNSt6vectorIjSaIjEE17_M_realloc_insertIJRjEEEvN9__gnu_cxx17__normal_iteratorIPjS1_EEDpOT_.str1.1
                0x00000000000044a9       0x1a /home/arduino/ArduinoApps/denver-air-quality-on-led-matrix/.cache/sketch/sketch/sketch.ino.cpp.o
 .rodata._ZN10RpcDecoderILj1024EE12get_responseIN7arduino7msgpack6object5nil_tEEEbjRT_R8RpcError.str1.1
                0x00000000000044c3       0x7b /home/arduino/ArduinoApps/denver-air-quality-on-led-matrix/.cache/sketch/sketch/sketch.ino.cpp.o
 .rodata._ZN7arduino7msgpack6object3extC2EaPKhj.str1.1
                0x000000000000453e       0x28 /home/arduino/ArduinoApps/denver-air-quality-on-led-matrix/.cache/sketch/sketch/sketch.ino.cpp.o
 .rodata._ZN11BridgeClass11update_safeEv.str1.1
                0x0000000000004566        0x9 /home/arduino/ArduinoApps/denver-air-quality-on-led-matrix/.cache/sketch/sketch/sketch.ino.cpp.o
 .rodata.setup.str1.1
                0x000000000000456f        0x8 /home/arduino/ArduinoApps/denver-air-quality-on-led-matrix/.cache/sketch/sketch/sketch.ino.cpp.o
 .rodata.loop.str1.1
                0x0000000000004577       0x60 /home/arduino/ArduinoApps/denver-air-quality-on-led-matrix/.cache/sketch/sketch/sketch.ino.cpp.o
 .rodata._ZN13BridgeMonitorILj512EE5writeEPKhj.str1.1
                0x00000000000045d7        0xa /home/arduino/ArduinoApps/denver-air-quality-on-led-matrix/.cache/sketch/sketch/sketch.ino.cpp.o
 .rodata._ZN13BridgeMonitorILj512EE5_readEj.str1.1
                0x00000000000045e1        0x9 /home/arduino/ArduinoApps/denver-air-quality-on-led-matrix/.cache/sketch/sketch/sketch.ino.cpp.o
 *fill*         0x00000000000045ea        0x2 
 .rodata._ZTV15SerialTransport
                0x00000000000045ec       0x20 /home/arduino/ArduinoApps/denver-air-quality-on-led-matrix/.cache/sketch/sketch/sketch.ino.cpp.o
                0x00000000000045ec                vtable for SerialTransport
 .rodata._ZTV13BridgeMonitorILj512EE
                0x000000000000460c       0x24 /home/arduino/ArduinoApps/denver-air-quality-on-led-matrix/.cache/sketch/sketch/sketch.ino.cpp.o
                0x000000000000460c                vtable for BridgeMonitor<512u>
 .rodata._ZL7unknown
                0x0000000000004630       0x10 /home/arduino/ArduinoApps/denver-air-quality-on-led-matrix/.cache/sketch/sketch/sketch.ino.cpp.o
 .rodata._ZL9hazardous
                0x0000000000004640       0x10 /home/arduino/ArduinoApps/denver-air-quality-on-led-matrix/.cache/sketch/sketch/sketch.ino.cpp.o
 .rodata._ZL14very_unhealthy
                0x0000000000004650       0x10 /home/arduino/ArduinoApps/denver-air-quality-on-led-matrix/.cache/sketch/sketch/sketch.ino.cpp.o
 .rodata._ZL9unhealthy
                0x0000000000004660       0x10 /home/arduino/ArduinoApps/denver-air-quality-on-led-matrix/.cache/sketch/sketch/sketch.ino.cpp.o
 .rodata._ZL30unhealthy_for_sensitive_groups
                0x0000000000004670       0x10 /home/arduino/ArduinoApps/denver-air-quality-on-led-matrix/.cache/sketch/sketch/sketch.ino.cpp.o
 .rodata._ZL8moderate
                0x0000000000004680       0x10 /home/arduino/ArduinoApps/denver-air-quality-on-led-matrix/.cache/sketch/sketch/sketch.ino.cpp.o
 .rodata._ZL4good
                0x0000000000004690       0x10 /home/arduino/ArduinoApps/denver-air-quality-on-led-matrix/.cache/sketch/sketch/sketch.ino.cpp.o
 .rodata.str1.1
                0x00000000000046a0       0x51 /home/arduino/ArduinoApps/denver-air-quality-on-led-matrix/.cache/sketch/core/core.a(main.cpp.o)
 *fill*         0x00000000000046f1        0x3 
 .rodata._ZTVN7arduino12ZephyrSerialE
                0x00000000000046f4       0x34 /home/arduino/ArduinoApps/denver-air-quality-on-led-matrix/.cache/sketch/core/core.a(zephyrSerial.cpp.o)
                0x00000000000046f4                vtable for arduino::ZephyrSerial

.data
 *(.data .data.*)

.bss            0x0000000000004728     0x126c
 *(.bss .bss.* COMMON)
 .bss._ZN17RpcDecoderManagerILj3EE14decoders_countE
                0x0000000000004728        0x4 /home/arduino/ArduinoApps/denver-air-quality-on-led-matrix/.cache/sketch/sketch/sketch.ino.cpp.o
                0x0000000000004728                RpcDecoderManager<3u>::decoders_count
 .bss._ZGVN17RpcDecoderManagerILj3EE9decoders_E
                0x000000000000472c        0x4 /home/arduino/ArduinoApps/denver-air-quality-on-led-matrix/.cache/sketch/sketch/sketch.ino.cpp.o
                0x000000000000472c                guard variable for RpcDecoderManager<3u>::decoders_
 .bss._ZN17RpcDecoderManagerILj3EE9decoders_E
                0x0000000000004730      0xc60 /home/arduino/ArduinoApps/denver-air-quality-on-led-matrix/.cache/sketch/sketch/sketch.ino.cpp.o
                0x0000000000004730                RpcDecoderManager<3u>::decoders_
 .bss._ZGVZN7arduino7msgpack8Unpacker10from_arrayIJRiRNS_6StringEEEEbDpOT_E2sz
                0x0000000000005390        0x4 /home/arduino/ArduinoApps/denver-air-quality-on-led-matrix/.cache/sketch/sketch/sketch.ino.cpp.o
                0x0000000000005390                guard variable for arduino::msgpack::Unpacker::from_array<int&, arduino::String&>(int&, arduino::String&)::sz
 .bss._ZZN7arduino7msgpack8Unpacker10from_arrayIJRiRNS_6StringEEEEbDpOT_E2sz
                0x0000000000005394        0x4 /home/arduino/ArduinoApps/denver-air-quality-on-led-matrix/.cache/sketch/sketch/sketch.ino.cpp.o
                0x0000000000005394                arduino::msgpack::Unpacker::from_array<int&, arduino::String&>(int&, arduino::String&)::sz
 .bss.matrix    0x0000000000005398       0x28 /home/arduino/ArduinoApps/denver-air-quality-on-led-matrix/.cache/sketch/sketch/sketch.ino.cpp.o
                0x0000000000005398                matrix
 .bss._ZN12RouterBridge3HCIE
                0x00000000000053c0       0x28 /home/arduino/ArduinoApps/denver-air-quality-on-led-matrix/.cache/sketch/sketch/sketch.ino.cpp.o
                0x00000000000053c0                RouterBridge::HCI
 .bss.Monitor   0x00000000000053e8      0x238 /home/arduino/ArduinoApps/denver-air-quality-on-led-matrix/.cache/sketch/sketch/sketch.ino.cpp.o
                0x00000000000053e8                Monitor
 .bss.Bridge    0x0000000000005620      0x140 /home/arduino/ArduinoApps/denver-air-quality-on-led-matrix/.cache/sketch/sketch/sketch.ino.cpp.o
                0x0000000000005620                Bridge
 .bss._ZZN8RpcUtils6detail12unpackObjectERN7arduino7msgpack8UnpackerEE1t
                0x0000000000005760       0x10 /home/arduino/ArduinoApps/denver-air-quality-on-led-matrix/.cache/sketch/sketch/sketch.ino.cpp.o
                0x0000000000005760                RpcUtils::detail::unpackObject(arduino::msgpack::Unpacker&)::t
 .bss._ZGVZN8RpcUtils6detail12unpackObjectERN7arduino7msgpack8UnpackerEE1e
                0x0000000000005770        0x4 /home/arduino/ArduinoApps/denver-air-quality-on-led-matrix/.cache/sketch/sketch/sketch.ino.cpp.o
                0x0000000000005770                guard variable for RpcUtils::detail::unpackObject(arduino::msgpack::Unpacker&)::e
 .bss._ZZN8RpcUtils6detail12unpackObjectERN7arduino7msgpack8UnpackerEE1e
                0x0000000000005774        0xc /home/arduino/ArduinoApps/denver-air-quality-on-led-matrix/.cache/sketch/sketch/sketch.ino.cpp.o
                0x0000000000005774                RpcUtils::detail::unpackObject(arduino::msgpack::Unpacker&)::e
 .bss._ZZN8RpcUtils6detail12unpackObjectERN7arduino7msgpack8UnpackerEE6map_sz
                0x0000000000005780        0x4 /home/arduino/ArduinoApps/denver-air-quality-on-led-matrix/.cache/sketch/sketch/sketch.ino.cpp.o
                0x0000000000005780                RpcUtils::detail::unpackObject(arduino::msgpack::Unpacker&)::map_sz
 .bss._ZZN8RpcUtils6detail12unpackObjectERN7arduino7msgpack8UnpackerEE6arr_sz
                0x0000000000005784        0x4 /home/arduino/ArduinoApps/denver-air-quality-on-led-matrix/.cache/sketch/sketch/sketch.ino.cpp.o
                0x0000000000005784                RpcUtils::detail::unpackObject(arduino::msgpack::Unpacker&)::arr_sz
 .bss._ZGVZN8RpcUtils6detail12unpackObjectERN7arduino7msgpack8UnpackerEE5bytes
                0x0000000000005788        0x4 /home/arduino/ArduinoApps/denver-air-quality-on-led-matrix/.cache/sketch/sketch/sketch.ino.cpp.o
                0x0000000000005788                guard variable for RpcUtils::detail::unpackObject(arduino::msgpack::Unpacker&)::bytes
 .bss._ZZN8RpcUtils6detail12unpackObjectERN7arduino7msgpack8UnpackerEE5bytes
                0x000000000000578c        0xc /home/arduino/ArduinoApps/denver-air-quality-on-led-matrix/.cache/sketch/sketch/sketch.ino.cpp.o
                0x000000000000578c                RpcUtils::detail::unpackObject(arduino::msgpack::Unpacker&)::bytes
 .bss._ZGVZN8RpcUtils6detail12unpackObjectERN7arduino7msgpack8UnpackerEE6string
                0x0000000000005798        0x4 /home/arduino/ArduinoApps/denver-air-quality-on-led-matrix/.cache/sketch/sketch/sketch.ino.cpp.o
                0x0000000000005798                guard variable for RpcUtils::detail::unpackObject(arduino::msgpack::Unpacker&)::string
 .bss._ZZN8RpcUtils6detail12unpackObjectERN7arduino7msgpack8UnpackerEE6string
                0x000000000000579c        0xc /home/arduino/ArduinoApps/denver-air-quality-on-led-matrix/.cache/sketch/sketch/sketch.ino.cpp.o
                0x000000000000579c                RpcUtils::detail::unpackObject(arduino::msgpack::Unpacker&)::string
 .bss._ZZN8RpcUtils6detail12unpackObjectERN7arduino7msgpack8UnpackerEE5num64
                0x00000000000057a8        0x8 /home/arduino/ArduinoApps/denver-air-quality-on-led-matrix/.cache/sketch/sketch/sketch.ino.cpp.o
                0x00000000000057a8                RpcUtils::detail::unpackObject(arduino::msgpack::Unpacker&)::num64
 .bss._ZZN8RpcUtils6detail12unpackObjectERN7arduino7msgpack8UnpackerEE5num32
                0x00000000000057b0        0x4 /home/arduino/ArduinoApps/denver-air-quality-on-led-matrix/.cache/sketch/sketch/sketch.ino.cpp.o
                0x00000000000057b0                RpcUtils::detail::unpackObject(arduino::msgpack::Unpacker&)::num32
 .bss._ZZN8RpcUtils6detail12unpackObjectERN7arduino7msgpack8UnpackerEE7integer
                0x00000000000057b4        0x4 /home/arduino/ArduinoApps/denver-air-quality-on-led-matrix/.cache/sketch/sketch/sketch.ino.cpp.o
                0x00000000000057b4                RpcUtils::detail::unpackObject(arduino::msgpack::Unpacker&)::integer
 .bss._ZZN8RpcUtils6detail12unpackObjectERN7arduino7msgpack8UnpackerEE1b
                0x00000000000057b8        0x1 /home/arduino/ArduinoApps/denver-air-quality-on-led-matrix/.cache/sketch/sketch/sketch.ino.cpp.o
                0x00000000000057b8                RpcUtils::detail::unpackObject(arduino::msgpack::Unpacker&)::b
 .bss._ZZN8RpcUtils6detail12unpackObjectERN7arduino7msgpack8UnpackerEE3nil
                0x00000000000057b9        0x1 /home/arduino/ArduinoApps/denver-air-quality-on-led-matrix/.cache/sketch/sketch/sketch.ino.cpp.o
                0x00000000000057b9                RpcUtils::detail::unpackObject(arduino::msgpack::Unpacker&)::nil
 *fill*         0x00000000000057ba        0x2 
 .bss.Serial1   0x00000000000057bc       0xec /home/arduino/ArduinoApps/denver-air-quality-on-led-matrix/.cache/sketch/core/core.a(zephyrSerial.cpp.o)
                0x00000000000057bc                Serial1
 .bss.Serial    0x00000000000058a8       0xec /home/arduino/ArduinoApps/denver-air-quality-on-led-matrix/.cache/sketch/core/core.a(zephyrSerial.cpp.o)
                0x00000000000058a8                Serial
 *(.noinit .noinit.*)

.exported_sym   0x0000000000005994        0x8
 *(.exported_sym)
 .exported_sym  0x0000000000005994        0x8 /home/arduino/ArduinoApps/denver-air-quality-on-led-matrix/.cache/sketch/core/core.a(main.cpp.o)
 *(.exported_sym.*)

.init_array     0x000000000000599c        0x8
 *(.init_array)
 .init_array    0x000000000000599c        0x4 /home/arduino/ArduinoApps/denver-air-quality-on-led-matrix/.cache/sketch/sketch/sketch.ino.cpp.o
 .init_array    0x00000000000059a0        0x4 /home/arduino/ArduinoApps/denver-air-quality-on-led-matrix/.cache/sketch/core/core.a(zephyrSerial.cpp.o)

.fini_array     0x00000000000059a4        0x4
 *(.fini_array)
 .fini_array    0x00000000000059a4        0x4 /home/arduino/ArduinoApps/denver-air-quality-on-led-matrix/.cache/sketch/sketch/sketch.ino.cpp.o

.symtab
 *(.symtab)

.strtab
 *(.strtab)

.shstrtab
 *(.shstrtab)

.rel
 *(.rel .rel.*)

.got
 *(.got .got.* .got.plt .got.plt*)
OUTPUT(/home/arduino/ArduinoApps/denver-air-quality-on-led-matrix/.cache/sketch/sketch.ino_debug.elf elf32-littlearm)
LOAD linker stubs

.debug_info     0x0000000000000000    0x3f583
 .debug_info    0x0000000000000000    0x2cb57 /home/arduino/ArduinoApps/denver-air-quality-on-led-matrix/.cache/sketch/sketch/sketch.ino.cpp.o
 .debug_info    0x000000000002cb57      0x1de /home/arduino/ArduinoApps/denver-air-quality-on-led-matrix/.cache/sketch/core/core.a(abi.cpp.o)
 .debug_info    0x000000000002cd35     0x1f74 /home/arduino/ArduinoApps/denver-air-quality-on-led-matrix/.cache/sketch/core/core.a(Stream.cpp.o)
 .debug_info    0x000000000002eca9     0x3e0c /home/arduino/ArduinoApps/denver-air-quality-on-led-matrix/.cache/sketch/core/core.a(String.cpp.o)
 .debug_info    0x0000000000032ab5     0x1e2b /home/arduino/ArduinoApps/denver-air-quality-on-led-matrix/.cache/sketch/core/core.a(main.cpp.o)
 .debug_info    0x00000000000348e0      0x7af /home/arduino/ArduinoApps/denver-air-quality-on-led-matrix/.cache/sketch/core/core.a(new.cpp.o)
 .debug_info    0x000000000003508f     0x1f28 /home/arduino/ArduinoApps/denver-air-quality-on-led-matrix/.cache/sketch/core/core.a(threads.cpp.o)
 .debug_info    0x0000000000036fb7     0x4c53 /home/arduino/ArduinoApps/denver-air-quality-on-led-matrix/.cache/sketch/core/core.a(zephyrCommon.cpp.o)
 .debug_info    0x000000000003bc0a     0x3979 /home/arduino/ArduinoApps/denver-air-quality-on-led-matrix/.cache/sketch/core/core.a(zephyrSerial.cpp.o)

.debug_abbrev   0x0000000000000000     0x3fe5
 .debug_abbrev  0x0000000000000000     0x1407 /home/arduino/ArduinoApps/denver-air-quality-on-led-matrix/.cache/sketch/sketch/sketch.ino.cpp.o
 .debug_abbrev  0x0000000000001407      0x154 /home/arduino/ArduinoApps/denver-air-quality-on-led-matrix/.cache/sketch/core/core.a(abi.cpp.o)
 .debug_abbrev  0x000000000000155b      0x500 /home/arduino/ArduinoApps/denver-air-quality-on-led-matrix/.cache/sketch/core/core.a(Stream.cpp.o)
 .debug_abbrev  0x0000000000001a5b      0x5d4 /home/arduino/ArduinoApps/denver-air-quality-on-led-matrix/.cache/sketch/core/core.a(String.cpp.o)
 .debug_abbrev  0x000000000000202f      0x538 /home/arduino/ArduinoApps/denver-air-quality-on-led-matrix/.cache/sketch/core/core.a(main.cpp.o)
 .debug_abbrev  0x0000000000002567      0x234 /home/arduino/ArduinoApps/denver-air-quality-on-led-matrix/.cache/sketch/core/core.a(new.cpp.o)
 .debug_abbrev  0x000000000000279b      0x4c4 /home/arduino/ArduinoApps/denver-air-quality-on-led-matrix/.cache/sketch/core/core.a(threads.cpp.o)
 .debug_abbrev  0x0000000000002c5f      0xa59 /home/arduino/ArduinoApps/denver-air-quality-on-led-matrix/.cache/sketch/core/core.a(zephyrCommon.cpp.o)
 .debug_abbrev  0x00000000000036b8      0x92d /home/arduino/ArduinoApps/denver-air-quality-on-led-matrix/.cache/sketch/core/core.a(zephyrSerial.cpp.o)

.debug_loclists
                0x0000000000000000     0xce84
 .debug_loclists
                0x0000000000000000     0x91ec /home/arduino/ArduinoApps/denver-air-quality-on-led-matrix/.cache/sketch/sketch/sketch.ino.cpp.o
 .debug_loclists
                0x00000000000091ec       0x88 /home/arduino/ArduinoApps/denver-air-quality-on-led-matrix/.cache/sketch/core/core.a(abi.cpp.o)
 .debug_loclists
                0x0000000000009274      0x883 /home/arduino/ArduinoApps/denver-air-quality-on-led-matrix/.cache/sketch/core/core.a(Stream.cpp.o)
 .debug_loclists
                0x0000000000009af7     0x1943 /home/arduino/ArduinoApps/denver-air-quality-on-led-matrix/.cache/sketch/core/core.a(String.cpp.o)
 .debug_loclists
                0x000000000000b43a       0x72 /home/arduino/ArduinoApps/denver-air-quality-on-led-matrix/.cache/sketch/core/core.a(main.cpp.o)
 .debug_loclists
                0x000000000000b4ac      0x2bc /home/arduino/ArduinoApps/denver-air-quality-on-led-matrix/.cache/sketch/core/core.a(new.cpp.o)
 .debug_loclists
                0x000000000000b768       0xb3 /home/arduino/ArduinoApps/denver-air-quality-on-led-matrix/.cache/sketch/core/core.a(threads.cpp.o)
 .debug_loclists
                0x000000000000b81b      0xedd /home/arduino/ArduinoApps/denver-air-quality-on-led-matrix/.cache/sketch/core/core.a(zephyrCommon.cpp.o)
 .debug_loclists
                0x000000000000c6f8      0x78c /home/arduino/ArduinoApps/denver-air-quality-on-led-matrix/.cache/sketch/core/core.a(zephyrSerial.cpp.o)

.debug_aranges  0x0000000000000000      0xae0
 .debug_aranges
                0x0000000000000000      0x468 /home/arduino/ArduinoApps/denver-air-quality-on-led-matrix/.cache/sketch/sketch/sketch.ino.cpp.o
 .debug_aranges
                0x0000000000000468       0x58 /home/arduino/ArduinoApps/denver-air-quality-on-led-matrix/.cache/sketch/core/core.a(abi.cpp.o)
 .debug_aranges
                0x00000000000004c0       0x90 /home/arduino/ArduinoApps/denver-air-quality-on-led-matrix/.cache/sketch/core/core.a(Stream.cpp.o)
 .debug_aranges
                0x0000000000000550      0x298 /home/arduino/ArduinoApps/denver-air-quality-on-led-matrix/.cache/sketch/core/core.a(String.cpp.o)
 .debug_aranges
                0x00000000000007e8       0x38 /home/arduino/ArduinoApps/denver-air-quality-on-led-matrix/.cache/sketch/core/core.a(main.cpp.o)
 .debug_aranges
                0x0000000000000820       0xb0 /home/arduino/ArduinoApps/denver-air-quality-on-led-matrix/.cache/sketch/core/core.a(new.cpp.o)
 .debug_aranges
                0x00000000000008d0       0x20 /home/arduino/ArduinoApps/denver-air-quality-on-led-matrix/.cache/sketch/core/core.a(threads.cpp.o)
 .debug_aranges
                0x00000000000008f0      0x130 /home/arduino/ArduinoApps/denver-air-quality-on-led-matrix/.cache/sketch/core/core.a(zephyrCommon.cpp.o)
 .debug_aranges
                0x0000000000000a20       0xc0 /home/arduino/ArduinoApps/denver-air-quality-on-led-matrix/.cache/sketch/core/core.a(zephyrSerial.cpp.o)

.debug_rnglists
                0x0000000000000000     0x1f43
 .debug_rnglists
                0x0000000000000000     0x1514 /home/arduino/ArduinoApps/denver-air-quality-on-led-matrix/.cache/sketch/sketch/sketch.ino.cpp.o
 .debug_rnglists
                0x0000000000001514       0x3d /home/arduino/ArduinoApps/denver-air-quality-on-led-matrix/.cache/sketch/core/core.a(abi.cpp.o)
 .debug_rnglists
                0x0000000000001551      0x103 /home/arduino/ArduinoApps/denver-air-quality-on-led-matrix/.cache/sketch/core/core.a(Stream.cpp.o)
 .debug_rnglists
                0x0000000000001654      0x375 /home/arduino/ArduinoApps/denver-air-quality-on-led-matrix/.cache/sketch/core/core.a(String.cpp.o)
 .debug_rnglists
                0x00000000000019c9       0x33 /home/arduino/ArduinoApps/denver-air-quality-on-led-matrix/.cache/sketch/core/core.a(main.cpp.o)
 .debug_rnglists
                0x00000000000019fc       0x7f /home/arduino/ArduinoApps/denver-air-quality-on-led-matrix/.cache/sketch/core/core.a(new.cpp.o)
 .debug_rnglists
                0x0000000000001a7b       0x3a /home/arduino/ArduinoApps/denver-air-quality-on-led-matrix/.cache/sketch/core/core.a(threads.cpp.o)
 .debug_rnglists
                0x0000000000001ab5      0x2cc /home/arduino/ArduinoApps/denver-air-quality-on-led-matrix/.cache/sketch/core/core.a(zephyrCommon.cpp.o)
 .debug_rnglists
                0x0000000000001d81      0x1c2 /home/arduino/ArduinoApps/denver-air-quality-on-led-matrix/.cache/sketch/core/core.a(zephyrSerial.cpp.o)

.debug_line     0x0000000000000000     0xde6b
 .debug_line    0x0000000000000000     0x7f10 /home/arduino/ArduinoApps/denver-air-quality-on-led-matrix/.cache/sketch/sketch/sketch.ino.cpp.o
 .debug_line    0x0000000000007f10      0x138 /home/arduino/ArduinoApps/denver-air-quality-on-led-matrix/.cache/sketch/core/core.a(abi.cpp.o)
 .debug_line    0x0000000000008048      0x8d4 /home/arduino/ArduinoApps/denver-air-quality-on-led-matrix/.cache/sketch/core/core.a(Stream.cpp.o)
 .debug_line    0x000000000000891c     0x1a12 /home/arduino/ArduinoApps/denver-air-quality-on-led-matrix/.cache/sketch/core/core.a(String.cpp.o)
 .debug_line    0x000000000000a32e      0x83b /home/arduino/ArduinoApps/denver-air-quality-on-led-matrix/.cache/sketch/core/core.a(main.cpp.o)
 .debug_line    0x000000000000ab69      0x36b /home/arduino/ArduinoApps/denver-air-quality-on-led-matrix/.cache/sketch/core/core.a(new.cpp.o)
 .debug_line    0x000000000000aed4      0x860 /home/arduino/ArduinoApps/denver-air-quality-on-led-matrix/.cache/sketch/core/core.a(threads.cpp.o)
 .debug_line    0x000000000000b734     0x17b8 /home/arduino/ArduinoApps/denver-air-quality-on-led-matrix/.cache/sketch/core/core.a(zephyrCommon.cpp.o)
 .debug_line    0x000000000000ceec      0xf7f /home/arduino/ArduinoApps/denver-air-quality-on-led-matrix/.cache/sketch/core/core.a(zephyrSerial.cpp.o)

.debug_str      0x0000000000000000    0x2bdca
 .debug_str     0x0000000000000000    0x1f044 /home/arduino/ArduinoApps/denver-air-quality-on-led-matrix/.cache/sketch/sketch/sketch.ino.cpp.o
 .debug_str     0x000000000001f044      0x40d /home/arduino/ArduinoApps/denver-air-quality-on-led-matrix/.cache/sketch/core/core.a(abi.cpp.o)
 .debug_str     0x000000000001f451     0x167e /home/arduino/ArduinoApps/denver-air-quality-on-led-matrix/.cache/sketch/core/core.a(Stream.cpp.o)
 .debug_str     0x0000000000020acf     0x1828 /home/arduino/ArduinoApps/denver-air-quality-on-led-matrix/.cache/sketch/core/core.a(String.cpp.o)
 .debug_str     0x00000000000222f7     0x1fdf /home/arduino/ArduinoApps/denver-air-quality-on-led-matrix/.cache/sketch/core/core.a(main.cpp.o)
 .debug_str     0x00000000000242d6      0x4d7 /home/arduino/ArduinoApps/denver-air-quality-on-led-matrix/.cache/sketch/core/core.a(new.cpp.o)
 .debug_str     0x00000000000247ad     0x1bdf /home/arduino/ArduinoApps/denver-air-quality-on-led-matrix/.cache/sketch/core/core.a(threads.cpp.o)
 .debug_str     0x000000000002638c     0x2fa4 /home/arduino/ArduinoApps/denver-air-quality-on-led-matrix/.cache/sketch/core/core.a(zephyrCommon.cpp.o)
 .debug_str     0x0000000000029330     0x2a9a /home/arduino/ArduinoApps/denver-air-quality-on-led-matrix/.cache/sketch/core/core.a(zephyrSerial.cpp.o)

.debug_frame    0x0000000000000000     0x22b4
 .debug_frame   0x0000000000000000     0x10ac /home/arduino/ArduinoApps/denver-air-quality-on-led-matrix/.cache/sketch/sketch/sketch.ino.cpp.o
 .debug_frame   0x00000000000010ac       0x90 /home/arduino/ArduinoApps/denver-air-quality-on-led-matrix/.cache/sketch/core/core.a(abi.cpp.o)
 .debug_frame   0x000000000000113c      0x1fc /home/arduino/ArduinoApps/denver-air-quality-on-led-matrix/.cache/sketch/core/core.a(Stream.cpp.o)
 .debug_frame   0x0000000000001338      0x7e8 /home/arduino/ArduinoApps/denver-air-quality-on-led-matrix/.cache/sketch/core/core.a(String.cpp.o)
 .debug_frame   0x0000000000001b20       0x68 /home/arduino/ArduinoApps/denver-air-quality-on-led-matrix/.cache/sketch/core/core.a(main.cpp.o)
 .debug_frame   0x0000000000001b88      0x140 /home/arduino/ArduinoApps/denver-air-quality-on-led-matrix/.cache/sketch/core/core.a(new.cpp.o)
 .debug_frame   0x0000000000001cc8       0x40 /home/arduino/ArduinoApps/denver-air-quality-on-led-matrix/.cache/sketch/core/core.a(threads.cpp.o)
 .debug_frame   0x0000000000001d08      0x39c /home/arduino/ArduinoApps/denver-air-quality-on-led-matrix/.cache/sketch/core/core.a(zephyrCommon.cpp.o)
 .debug_frame   0x00000000000020a4      0x210 /home/arduino/ArduinoApps/denver-air-quality-on-led-matrix/.cache/sketch/core/core.a(zephyrSerial.cpp.o)
